Loading pipeline components...:   0%|          | 0/6 [00:00<?, ?it/s]Loading pipeline components...:  17%|█▋        | 1/6 [00:00<00:01,  3.06it/s]Loading pipeline components...:  33%|███▎      | 2/6 [00:01<00:03,  1.19it/s]Loading pipeline components...:  83%|████████▎ | 5/6 [00:01<00:00,  3.69it/s]Loading pipeline components...: 100%|██████████| 6/6 [00:01<00:00,  3.54it/s]
You have disabled the safety checker for <class 'diffusers.pipelines.stable_diffusion.pipeline_stable_diffusion.StableDiffusionPipeline'> by passing `safety_checker=None`. Ensure that you abide to the conditions of the Stable Diffusion license and do not expose unfiltered results in services or applications open to the public. Both the diffusers team and Hugging Face strongly recommend to keep the safety filter enabled in all public facing circumstances, disabling it only for use-cases that involve analyzing network behavior or auditing its results. For more information, please have a look at https://github.com/huggingface/diffusers/pull/254 .
Traceback (most recent call last):
  File "/home/tslin/Documents/jupyter_data/anLi/machine_unlearning/orthogonal-concept-erasure/experiments/sequential_object_pair_retain/run_pair_retain.py", line 1175, in <module>
    raise SystemExit(main())
  File "/home/tslin/Documents/jupyter_data/anLi/machine_unlearning/orthogonal-concept-erasure/experiments/sequential_object_pair_retain/run_pair_retain.py", line 1170, in main
    args.function(args)
  File "/home/tslin/Documents/jupyter_data/anLi/machine_unlearning/orthogonal-concept-erasure/experiments/sequential_object_pair_retain/run_pair_retain.py", line 1127, in run_all
    evaluate_original(args, protocol)
  File "/home/tslin/Documents/jupyter_data/anLi/machine_unlearning/orthogonal-concept-erasure/experiments/sequential_object_pair_retain/run_pair_retain.py", line 763, in evaluate_original
    evaluate_one_cell(
  File "/home/tslin/Documents/jupyter_data/anLi/machine_unlearning/orthogonal-concept-erasure/experiments/sequential_object_pair_retain/run_pair_retain.py", line 701, in evaluate_one_cell
    metrics = common.evaluate_cell(
  File "/home/tslin/Documents/jupyter_data/anLi/machine_unlearning/orthogonal-concept-erasure/experiments/sequential_object_persistence/run_sequential_oce.py", line 570, in evaluate_cell
    class_texts = [
  File "/home/tslin/Documents/jupyter_data/anLi/machine_unlearning/orthogonal-concept-erasure/experiments/sequential_object_persistence/run_sequential_oce.py", line 571, in <listcomp>
    str(config["evaluation"][template_key]).format(concept=label)
KeyError: 'cifar_class_text_template'
Loading pipeline components...:   0%|          | 0/6 [00:00<?, ?it/s]Loading pipeline components...:  17%|█▋        | 1/6 [00:00<00:00,  7.25it/s]Loading pipeline components...:  33%|███▎      | 2/6 [00:00<00:01,  3.94it/s]Loading pipeline components...: 100%|██████████| 6/6 [00:00<00:00, 10.86it/s]
You have disabled the safety checker for <class 'diffusers.pipelines.stable_diffusion.pipeline_stable_diffusion.StableDiffusionPipeline'> by passing `safety_checker=None`. Ensure that you abide to the conditions of the Stable Diffusion license and do not expose unfiltered results in services or applications open to the public. Both the diffusers team and Hugging Face strongly recommend to keep the safety filter enabled in all public facing circumstances, disabling it only for use-cases that involve analyzing network behavior or auditing its results. For more information, please have a look at https://github.com/huggingface/diffusers/pull/254 .
Loading pipeline components...:   0%|          | 0/5 [00:00<?, ?it/s]Loading pipeline components...:  40%|████      | 2/5 [00:00<00:00, 16.45it/s]Loading pipeline components...: 100%|██████████| 5/5 [00:00<00:00, 34.02it/s]
You have disabled the safety checker for <class 'diffusers.pipelines.stable_diffusion.pipeline_stable_diffusion.StableDiffusionPipeline'> by passing `safety_checker=None`. Ensure that you abide to the conditions of the Stable Diffusion license and do not expose unfiltered results in services or applications open to the public. Both the diffusers team and Hugging Face strongly recommend to keep the safety filter enabled in all public facing circumstances, disabling it only for use-cases that involve analyzing network behavior or auditing its results. For more information, please have a look at https://github.com/huggingface/diffusers/pull/254 .
Editing with ['airplane', 'image of airplane', 'photo of airplane', 'portrait of airplane', 'picture of airplane', 'painting of airplane']
Updated down_blocks.0.attentions.0.transformer_blocks.0.attn2.to_v
Updated down_blocks.0.attentions.1.transformer_blocks.0.attn2.to_v
Updated down_blocks.1.attentions.0.transformer_blocks.0.attn2.to_v
Updated down_blocks.1.attentions.1.transformer_blocks.0.attn2.to_v
Updated down_blocks.2.attentions.0.transformer_blocks.0.attn2.to_v
Updated down_blocks.2.attentions.1.transformer_blocks.0.attn2.to_v
Updated up_blocks.1.attentions.0.transformer_blocks.0.attn2.to_v
Updated up_blocks.1.attentions.1.transformer_blocks.0.attn2.to_v
Updated up_blocks.1.attentions.2.transformer_blocks.0.attn2.to_v
Updated up_blocks.2.attentions.0.transformer_blocks.0.attn2.to_v
Updated up_blocks.2.attentions.1.transformer_blocks.0.attn2.to_v
Updated up_blocks.2.attentions.2.transformer_blocks.0.attn2.to_v
Updated up_blocks.3.attentions.0.transformer_blocks.0.attn2.to_v
Updated up_blocks.3.attentions.1.transformer_blocks.0.attn2.to_v
Updated up_blocks.3.attentions.2.transformer_blocks.0.attn2.to_v
Updated mid_block.attentions.0.transformer_blocks.0.attn2.to_v

Erased concepts using Subspace Orthogonal Procrustes (RW)
Model edited in 2.94 seconds
Editing with ['cat', 'image of cat', 'photo of cat', 'portrait of cat', 'picture of cat', 'painting of cat']
Updated down_blocks.0.attentions.0.transformer_blocks.0.attn2.to_v
Updated down_blocks.0.attentions.1.transformer_blocks.0.attn2.to_v
Updated down_blocks.1.attentions.0.transformer_blocks.0.attn2.to_v
Updated down_blocks.1.attentions.1.transformer_blocks.0.attn2.to_v
Updated down_blocks.2.attentions.0.transformer_blocks.0.attn2.to_v
Updated down_blocks.2.attentions.1.transformer_blocks.0.attn2.to_v
Updated up_blocks.1.attentions.0.transformer_blocks.0.attn2.to_v
Updated up_blocks.1.attentions.1.transformer_blocks.0.attn2.to_v
Updated up_blocks.1.attentions.2.transformer_blocks.0.attn2.to_v
Updated up_blocks.2.attentions.0.transformer_blocks.0.attn2.to_v
Updated up_blocks.2.attentions.1.transformer_blocks.0.attn2.to_v
Updated up_blocks.2.attentions.2.transformer_blocks.0.attn2.to_v
Updated up_blocks.3.attentions.0.transformer_blocks.0.attn2.to_v
Updated up_blocks.3.attentions.1.transformer_blocks.0.attn2.to_v
Updated up_blocks.3.attentions.2.transformer_blocks.0.attn2.to_v
Updated mid_block.attentions.0.transformer_blocks.0.attn2.to_v

Erased concepts using Subspace Orthogonal Procrustes (RW)
Model edited in 2.65 seconds
Editing with ['automobile', 'image of automobile', 'photo of automobile', 'portrait of automobile', 'picture of automobile', 'painting of automobile']
Updated down_blocks.0.attentions.0.transformer_blocks.0.attn2.to_v
Updated down_blocks.0.attentions.1.transformer_blocks.0.attn2.to_v
Updated down_blocks.1.attentions.0.transformer_blocks.0.attn2.to_v
Updated down_blocks.1.attentions.1.transformer_blocks.0.attn2.to_v
Updated down_blocks.2.attentions.0.transformer_blocks.0.attn2.to_v
Updated down_blocks.2.attentions.1.transformer_blocks.0.attn2.to_v
Updated up_blocks.1.attentions.0.transformer_blocks.0.attn2.to_v
Updated up_blocks.1.attentions.1.transformer_blocks.0.attn2.to_v
Updated up_blocks.1.attentions.2.transformer_blocks.0.attn2.to_v
Updated up_blocks.2.attentions.0.transformer_blocks.0.attn2.to_v
Updated up_blocks.2.attentions.1.transformer_blocks.0.attn2.to_v
Updated up_blocks.2.attentions.2.transformer_blocks.0.attn2.to_v
Updated up_blocks.3.attentions.0.transformer_blocks.0.attn2.to_v
Updated up_blocks.3.attentions.1.transformer_blocks.0.attn2.to_v
Updated up_blocks.3.attentions.2.transformer_blocks.0.attn2.to_v
Updated mid_block.attentions.0.transformer_blocks.0.attn2.to_v

Erased concepts using Subspace Orthogonal Procrustes (RW)
Model edited in 2.66 seconds
Editing with ['bird', 'image of bird', 'photo of bird', 'portrait of bird', 'picture of bird', 'painting of bird']
Updated down_blocks.0.attentions.0.transformer_blocks.0.attn2.to_v
Updated down_blocks.0.attentions.1.transformer_blocks.0.attn2.to_v
Updated down_blocks.1.attentions.0.transformer_blocks.0.attn2.to_v
Updated down_blocks.1.attentions.1.transformer_blocks.0.attn2.to_v
Updated down_blocks.2.attentions.0.transformer_blocks.0.attn2.to_v
Updated down_blocks.2.attentions.1.transformer_blocks.0.attn2.to_v
Updated up_blocks.1.attentions.0.transformer_blocks.0.attn2.to_v
Updated up_blocks.1.attentions.1.transformer_blocks.0.attn2.to_v
Updated up_blocks.1.attentions.2.transformer_blocks.0.attn2.to_v
Updated up_blocks.2.attentions.0.transformer_blocks.0.attn2.to_v
Updated up_blocks.2.attentions.1.transformer_blocks.0.attn2.to_v
Updated up_blocks.2.attentions.2.transformer_blocks.0.attn2.to_v
Updated up_blocks.3.attentions.0.transformer_blocks.0.attn2.to_v
Updated up_blocks.3.attentions.1.transformer_blocks.0.attn2.to_v
Updated up_blocks.3.attentions.2.transformer_blocks.0.attn2.to_v
Updated mid_block.attentions.0.transformer_blocks.0.attn2.to_v

Erased concepts using Subspace Orthogonal Procrustes (RW)
Model edited in 2.74 seconds
Editing with ['deer', 'image of deer', 'photo of deer', 'portrait of deer', 'picture of deer', 'painting of deer']
Updated down_blocks.0.attentions.0.transformer_blocks.0.attn2.to_v
Updated down_blocks.0.attentions.1.transformer_blocks.0.attn2.to_v
Updated down_blocks.1.attentions.0.transformer_blocks.0.attn2.to_v
Updated down_blocks.1.attentions.1.transformer_blocks.0.attn2.to_v
Updated down_blocks.2.attentions.0.transformer_blocks.0.attn2.to_v
Updated down_blocks.2.attentions.1.transformer_blocks.0.attn2.to_v
Updated up_blocks.1.attentions.0.transformer_blocks.0.attn2.to_v
Updated up_blocks.1.attentions.1.transformer_blocks.0.attn2.to_v
Updated up_blocks.1.attentions.2.transformer_blocks.0.attn2.to_v
Updated up_blocks.2.attentions.0.transformer_blocks.0.attn2.to_v
Updated up_blocks.2.attentions.1.transformer_blocks.0.attn2.to_v
Updated up_blocks.2.attentions.2.transformer_blocks.0.attn2.to_v
Updated up_blocks.3.attentions.0.transformer_blocks.0.attn2.to_v
Updated up_blocks.3.attentions.1.transformer_blocks.0.attn2.to_v
Updated up_blocks.3.attentions.2.transformer_blocks.0.attn2.to_v
Updated mid_block.attentions.0.transformer_blocks.0.attn2.to_v

Erased concepts using Subspace Orthogonal Procrustes (RW)
Model edited in 2.67 seconds
Editing with ['dog', 'image of dog', 'photo of dog', 'portrait of dog', 'picture of dog', 'painting of dog']
Updated down_blocks.0.attentions.0.transformer_blocks.0.attn2.to_v
Updated down_blocks.0.attentions.1.transformer_blocks.0.attn2.to_v
Updated down_blocks.1.attentions.0.transformer_blocks.0.attn2.to_v
Updated down_blocks.1.attentions.1.transformer_blocks.0.attn2.to_v
Updated down_blocks.2.attentions.0.transformer_blocks.0.attn2.to_v
Updated down_blocks.2.attentions.1.transformer_blocks.0.attn2.to_v
Updated up_blocks.1.attentions.0.transformer_blocks.0.attn2.to_v
Updated up_blocks.1.attentions.1.transformer_blocks.0.attn2.to_v
Updated up_blocks.1.attentions.2.transformer_blocks.0.attn2.to_v
Updated up_blocks.2.attentions.0.transformer_blocks.0.attn2.to_v
Updated up_blocks.2.attentions.1.transformer_blocks.0.attn2.to_v
Updated up_blocks.2.attentions.2.transformer_blocks.0.attn2.to_v
Updated up_blocks.3.attentions.0.transformer_blocks.0.attn2.to_v
Updated up_blocks.3.attentions.1.transformer_blocks.0.attn2.to_v
Updated up_blocks.3.attentions.2.transformer_blocks.0.attn2.to_v
Updated mid_block.attentions.0.transformer_blocks.0.attn2.to_v

Erased concepts using Subspace Orthogonal Procrustes (RW)
Model edited in 2.70 seconds
Editing with ['frog', 'image of frog', 'photo of frog', 'portrait of frog', 'picture of frog', 'painting of frog']
Updated down_blocks.0.attentions.0.transformer_blocks.0.attn2.to_v
Updated down_blocks.0.attentions.1.transformer_blocks.0.attn2.to_v
Updated down_blocks.1.attentions.0.transformer_blocks.0.attn2.to_v
Updated down_blocks.1.attentions.1.transformer_blocks.0.attn2.to_v
Updated down_blocks.2.attentions.0.transformer_blocks.0.attn2.to_v
Updated down_blocks.2.attentions.1.transformer_blocks.0.attn2.to_v
Updated up_blocks.1.attentions.0.transformer_blocks.0.attn2.to_v
Updated up_blocks.1.attentions.1.transformer_blocks.0.attn2.to_v
Updated up_blocks.1.attentions.2.transformer_blocks.0.attn2.to_v
Updated up_blocks.2.attentions.0.transformer_blocks.0.attn2.to_v
Updated up_blocks.2.attentions.1.transformer_blocks.0.attn2.to_v
Updated up_blocks.2.attentions.2.transformer_blocks.0.attn2.to_v
Updated up_blocks.3.attentions.0.transformer_blocks.0.attn2.to_v
Updated up_blocks.3.attentions.1.transformer_blocks.0.attn2.to_v
Updated up_blocks.3.attentions.2.transformer_blocks.0.attn2.to_v
Updated mid_block.attentions.0.transformer_blocks.0.attn2.to_v

Erased concepts using Subspace Orthogonal Procrustes (RW)
Model edited in 2.68 seconds
Editing with ['ship', 'image of ship', 'photo of ship', 'portrait of ship', 'picture of ship', 'painting of ship']
Updated down_blocks.0.attentions.0.transformer_blocks.0.attn2.to_v
Updated down_blocks.0.attentions.1.transformer_blocks.0.attn2.to_v
Updated down_blocks.1.attentions.0.transformer_blocks.0.attn2.to_v
Updated down_blocks.1.attentions.1.transformer_blocks.0.attn2.to_v
Updated down_blocks.2.attentions.0.transformer_blocks.0.attn2.to_v
Updated down_blocks.2.attentions.1.transformer_blocks.0.attn2.to_v
Updated up_blocks.1.attentions.0.transformer_blocks.0.attn2.to_v
Updated up_blocks.1.attentions.1.transformer_blocks.0.attn2.to_v
Updated up_blocks.1.attentions.2.transformer_blocks.0.attn2.to_v
Updated up_blocks.2.attentions.0.transformer_blocks.0.attn2.to_v
Updated up_blocks.2.attentions.1.transformer_blocks.0.attn2.to_v
Updated up_blocks.2.attentions.2.transformer_blocks.0.attn2.to_v
Updated up_blocks.3.attentions.0.transformer_blocks.0.attn2.to_v
Updated up_blocks.3.attentions.1.transformer_blocks.0.attn2.to_v
Updated up_blocks.3.attentions.2.transformer_blocks.0.attn2.to_v
Updated mid_block.attentions.0.transformer_blocks.0.attn2.to_v

Erased concepts using Subspace Orthogonal Procrustes (RW)
Model edited in 2.60 seconds
Editing with ['horse', 'image of horse', 'photo of horse', 'portrait of horse', 'picture of horse', 'painting of horse']
Updated down_blocks.0.attentions.0.transformer_blocks.0.attn2.to_v
Updated down_blocks.0.attentions.1.transformer_blocks.0.attn2.to_v
Updated down_blocks.1.attentions.0.transformer_blocks.0.attn2.to_v
Updated down_blocks.1.attentions.1.transformer_blocks.0.attn2.to_v
Updated down_blocks.2.attentions.0.transformer_blocks.0.attn2.to_v
Updated down_blocks.2.attentions.1.transformer_blocks.0.attn2.to_v
Updated up_blocks.1.attentions.0.transformer_blocks.0.attn2.to_v
Updated up_blocks.1.attentions.1.transformer_blocks.0.attn2.to_v
Updated up_blocks.1.attentions.2.transformer_blocks.0.attn2.to_v
Updated up_blocks.2.attentions.0.transformer_blocks.0.attn2.to_v
Updated up_blocks.2.attentions.1.transformer_blocks.0.attn2.to_v
Updated up_blocks.2.attentions.2.transformer_blocks.0.attn2.to_v
Updated up_blocks.3.attentions.0.transformer_blocks.0.attn2.to_v
Updated up_blocks.3.attentions.1.transformer_blocks.0.attn2.to_v
Updated up_blocks.3.attentions.2.transformer_blocks.0.attn2.to_v
Updated mid_block.attentions.0.transformer_blocks.0.attn2.to_v

Erased concepts using Subspace Orthogonal Procrustes (RW)
Model edited in 2.61 seconds
Editing with ['truck', 'image of truck', 'photo of truck', 'portrait of truck', 'picture of truck', 'painting of truck']
Updated down_blocks.0.attentions.0.transformer_blocks.0.attn2.to_v
Updated down_blocks.0.attentions.1.transformer_blocks.0.attn2.to_v
Updated down_blocks.1.attentions.0.transformer_blocks.0.attn2.to_v
Updated down_blocks.1.attentions.1.transformer_blocks.0.attn2.to_v
Updated down_blocks.2.attentions.0.transformer_blocks.0.attn2.to_v
Updated down_blocks.2.attentions.1.transformer_blocks.0.attn2.to_v
Updated up_blocks.1.attentions.0.transformer_blocks.0.attn2.to_v
Updated up_blocks.1.attentions.1.transformer_blocks.0.attn2.to_v
Updated up_blocks.1.attentions.2.transformer_blocks.0.attn2.to_v
Updated up_blocks.2.attentions.0.transformer_blocks.0.attn2.to_v
Updated up_blocks.2.attentions.1.transformer_blocks.0.attn2.to_v
Updated up_blocks.2.attentions.2.transformer_blocks.0.attn2.to_v
Updated up_blocks.3.attentions.0.transformer_blocks.0.attn2.to_v
Updated up_blocks.3.attentions.1.transformer_blocks.0.attn2.to_v
Updated up_blocks.3.attentions.2.transformer_blocks.0.attn2.to_v
Updated mid_block.attentions.0.transformer_blocks.0.attn2.to_v

Erased concepts using Subspace Orthogonal Procrustes (RW)
Model edited in 2.66 seconds
Loading pipeline components...:   0%|          | 0/6 [00:00<?, ?it/s]Loading pipeline components...:  17%|█▋        | 1/6 [00:00<00:00,  8.79it/s]Loading pipeline components...:  33%|███▎      | 2/6 [00:00<00:00,  4.97it/s]Loading pipeline components...: 100%|██████████| 6/6 [00:00<00:00, 13.64it/s]
You have disabled the safety checker for <class 'diffusers.pipelines.stable_diffusion.pipeline_stable_diffusion.StableDiffusionPipeline'> by passing `safety_checker=None`. Ensure that you abide to the conditions of the Stable Diffusion license and do not expose unfiltered results in services or applications open to the public. Both the diffusers team and Hugging Face strongly recommend to keep the safety filter enabled in all public facing circumstances, disabling it only for use-cases that involve analyzing network behavior or auditing its results. For more information, please have a look at https://github.com/huggingface/diffusers/pull/254 .
Loading pipeline components...:   0%|          | 0/5 [00:00<?, ?it/s]Loading pipeline components...:  40%|████      | 2/5 [00:00<00:00, 16.30it/s]Loading pipeline components...: 100%|██████████| 5/5 [00:00<00:00, 33.86it/s]
You have disabled the safety checker for <class 'diffusers.pipelines.stable_diffusion.pipeline_stable_diffusion.StableDiffusionPipeline'> by passing `safety_checker=None`. Ensure that you abide to the conditions of the Stable Diffusion license and do not expose unfiltered results in services or applications open to the public. Both the diffusers team and Hugging Face strongly recommend to keep the safety filter enabled in all public facing circumstances, disabling it only for use-cases that involve analyzing network behavior or auditing its results. For more information, please have a look at https://github.com/huggingface/diffusers/pull/254 .
Editing with ['cat', 'image of cat', 'photo of cat', 'portrait of cat', 'picture of cat', 'painting of cat']
Updated down_blocks.0.attentions.0.transformer_blocks.0.attn2.to_v
Updated down_blocks.0.attentions.1.transformer_blocks.0.attn2.to_v
Updated down_blocks.1.attentions.0.transformer_blocks.0.attn2.to_v
Updated down_blocks.1.attentions.1.transformer_blocks.0.attn2.to_v
Updated down_blocks.2.attentions.0.transformer_blocks.0.attn2.to_v
Updated down_blocks.2.attentions.1.transformer_blocks.0.attn2.to_v
Updated up_blocks.1.attentions.0.transformer_blocks.0.attn2.to_v
Updated up_blocks.1.attentions.1.transformer_blocks.0.attn2.to_v
Updated up_blocks.1.attentions.2.transformer_blocks.0.attn2.to_v
Updated up_blocks.2.attentions.0.transformer_blocks.0.attn2.to_v
Updated up_blocks.2.attentions.1.transformer_blocks.0.attn2.to_v
Updated up_blocks.2.attentions.2.transformer_blocks.0.attn2.to_v
Updated up_blocks.3.attentions.0.transformer_blocks.0.attn2.to_v
Updated up_blocks.3.attentions.1.transformer_blocks.0.attn2.to_v
Updated up_blocks.3.attentions.2.transformer_blocks.0.attn2.to_v
Updated mid_block.attentions.0.transformer_blocks.0.attn2.to_v

Erased concepts using Subspace Orthogonal Procrustes (RW)
Model edited in 2.60 seconds
Editing with ['cat', 'image of cat', 'photo of cat', 'portrait of cat', 'picture of cat', 'painting of cat']
Updated down_blocks.0.attentions.0.transformer_blocks.0.attn2.to_v
Updated down_blocks.0.attentions.1.transformer_blocks.0.attn2.to_v
Updated down_blocks.1.attentions.0.transformer_blocks.0.attn2.to_v
Updated down_blocks.1.attentions.1.transformer_blocks.0.attn2.to_v
Updated down_blocks.2.attentions.0.transformer_blocks.0.attn2.to_v
Updated down_blocks.2.attentions.1.transformer_blocks.0.attn2.to_v
Updated up_blocks.1.attentions.0.transformer_blocks.0.attn2.to_v
Updated up_blocks.1.attentions.1.transformer_blocks.0.attn2.to_v
Updated up_blocks.1.attentions.2.transformer_blocks.0.attn2.to_v
Updated up_blocks.2.attentions.0.transformer_blocks.0.attn2.to_v
Updated up_blocks.2.attentions.1.transformer_blocks.0.attn2.to_v
Updated up_blocks.2.attentions.2.transformer_blocks.0.attn2.to_v
Updated up_blocks.3.attentions.0.transformer_blocks.0.attn2.to_v
Updated up_blocks.3.attentions.1.transformer_blocks.0.attn2.to_v
Updated up_blocks.3.attentions.2.transformer_blocks.0.attn2.to_v
Updated mid_block.attentions.0.transformer_blocks.0.attn2.to_v

Erased concepts using Subspace Orthogonal Procrustes (RW)
Model edited in 2.62 seconds
Editing with ['airplane', 'image of airplane', 'photo of airplane', 'portrait of airplane', 'picture of airplane', 'painting of airplane']
Updated down_blocks.0.attentions.0.transformer_blocks.0.attn2.to_v
Updated down_blocks.0.attentions.1.transformer_blocks.0.attn2.to_v
Updated down_blocks.1.attentions.0.transformer_blocks.0.attn2.to_v
Updated down_blocks.1.attentions.1.transformer_blocks.0.attn2.to_v
Updated down_blocks.2.attentions.0.transformer_blocks.0.attn2.to_v
Updated down_blocks.2.attentions.1.transformer_blocks.0.attn2.to_v
Updated up_blocks.1.attentions.0.transformer_blocks.0.attn2.to_v
Updated up_blocks.1.attentions.1.transformer_blocks.0.attn2.to_v
Updated up_blocks.1.attentions.2.transformer_blocks.0.attn2.to_v
Updated up_blocks.2.attentions.0.transformer_blocks.0.attn2.to_v
Updated up_blocks.2.attentions.1.transformer_blocks.0.attn2.to_v
Updated up_blocks.2.attentions.2.transformer_blocks.0.attn2.to_v
Updated up_blocks.3.attentions.0.transformer_blocks.0.attn2.to_v
Updated up_blocks.3.attentions.1.transformer_blocks.0.attn2.to_v
Updated up_blocks.3.attentions.2.transformer_blocks.0.attn2.to_v
Updated mid_block.attentions.0.transformer_blocks.0.attn2.to_v

Erased concepts using Subspace Orthogonal Procrustes (RW)
Model edited in 2.67 seconds
Editing with ['airplane', 'image of airplane', 'photo of airplane', 'portrait of airplane', 'picture of airplane', 'painting of airplane']
Updated down_blocks.0.attentions.0.transformer_blocks.0.attn2.to_v
Updated down_blocks.0.attentions.1.transformer_blocks.0.attn2.to_v
Updated down_blocks.1.attentions.0.transformer_blocks.0.attn2.to_v
Updated down_blocks.1.attentions.1.transformer_blocks.0.attn2.to_v
Updated down_blocks.2.attentions.0.transformer_blocks.0.attn2.to_v
Updated down_blocks.2.attentions.1.transformer_blocks.0.attn2.to_v
Updated up_blocks.1.attentions.0.transformer_blocks.0.attn2.to_v
Updated up_blocks.1.attentions.1.transformer_blocks.0.attn2.to_v
Updated up_blocks.1.attentions.2.transformer_blocks.0.attn2.to_v
Updated up_blocks.2.attentions.0.transformer_blocks.0.attn2.to_v
Updated up_blocks.2.attentions.1.transformer_blocks.0.attn2.to_v
Updated up_blocks.2.attentions.2.transformer_blocks.0.attn2.to_v
Updated up_blocks.3.attentions.0.transformer_blocks.0.attn2.to_v
Updated up_blocks.3.attentions.1.transformer_blocks.0.attn2.to_v
Updated up_blocks.3.attentions.2.transformer_blocks.0.attn2.to_v
Updated mid_block.attentions.0.transformer_blocks.0.attn2.to_v

Erased concepts using Subspace Orthogonal Procrustes (RW)
Model edited in 2.75 seconds
Editing with ['bird', 'image of bird', 'photo of bird', 'portrait of bird', 'picture of bird', 'painting of bird']
Updated down_blocks.0.attentions.0.transformer_blocks.0.attn2.to_v
Updated down_blocks.0.attentions.1.transformer_blocks.0.attn2.to_v
Updated down_blocks.1.attentions.0.transformer_blocks.0.attn2.to_v
Updated down_blocks.1.attentions.1.transformer_blocks.0.attn2.to_v
Updated down_blocks.2.attentions.0.transformer_blocks.0.attn2.to_v
Updated down_blocks.2.attentions.1.transformer_blocks.0.attn2.to_v
Updated up_blocks.1.attentions.0.transformer_blocks.0.attn2.to_v
Updated up_blocks.1.attentions.1.transformer_blocks.0.attn2.to_v
Updated up_blocks.1.attentions.2.transformer_blocks.0.attn2.to_v
Updated up_blocks.2.attentions.0.transformer_blocks.0.attn2.to_v
Updated up_blocks.2.attentions.1.transformer_blocks.0.attn2.to_v
Updated up_blocks.2.attentions.2.transformer_blocks.0.attn2.to_v
Updated up_blocks.3.attentions.0.transformer_blocks.0.attn2.to_v
Updated up_blocks.3.attentions.1.transformer_blocks.0.attn2.to_v
Updated up_blocks.3.attentions.2.transformer_blocks.0.attn2.to_v
Updated mid_block.attentions.0.transformer_blocks.0.attn2.to_v

Erased concepts using Subspace Orthogonal Procrustes (RW)
Model edited in 2.61 seconds
Editing with ['bird', 'image of bird', 'photo of bird', 'portrait of bird', 'picture of bird', 'painting of bird']
Updated down_blocks.0.attentions.0.transformer_blocks.0.attn2.to_v
Updated down_blocks.0.attentions.1.transformer_blocks.0.attn2.to_v
Updated down_blocks.1.attentions.0.transformer_blocks.0.attn2.to_v
Updated down_blocks.1.attentions.1.transformer_blocks.0.attn2.to_v
Updated down_blocks.2.attentions.0.transformer_blocks.0.attn2.to_v
Updated down_blocks.2.attentions.1.transformer_blocks.0.attn2.to_v
Updated up_blocks.1.attentions.0.transformer_blocks.0.attn2.to_v
Updated up_blocks.1.attentions.1.transformer_blocks.0.attn2.to_v
Updated up_blocks.1.attentions.2.transformer_blocks.0.attn2.to_v
Updated up_blocks.2.attentions.0.transformer_blocks.0.attn2.to_v
Updated up_blocks.2.attentions.1.transformer_blocks.0.attn2.to_v
Updated up_blocks.2.attentions.2.transformer_blocks.0.attn2.to_v
Updated up_blocks.3.attentions.0.transformer_blocks.0.attn2.to_v
Updated up_blocks.3.attentions.1.transformer_blocks.0.attn2.to_v
Updated up_blocks.3.attentions.2.transformer_blocks.0.attn2.to_v
Updated mid_block.attentions.0.transformer_blocks.0.attn2.to_v

Erased concepts using Subspace Orthogonal Procrustes (RW)
Model edited in 2.66 seconds
Editing with ['automobile', 'image of automobile', 'photo of automobile', 'portrait of automobile', 'picture of automobile', 'painting of automobile']
Updated down_blocks.0.attentions.0.transformer_blocks.0.attn2.to_v
Updated down_blocks.0.attentions.1.transformer_blocks.0.attn2.to_v
Updated down_blocks.1.attentions.0.transformer_blocks.0.attn2.to_v
Updated down_blocks.1.attentions.1.transformer_blocks.0.attn2.to_v
Updated down_blocks.2.attentions.0.transformer_blocks.0.attn2.to_v
Updated down_blocks.2.attentions.1.transformer_blocks.0.attn2.to_v
Updated up_blocks.1.attentions.0.transformer_blocks.0.attn2.to_v
Updated up_blocks.1.attentions.1.transformer_blocks.0.attn2.to_v
Updated up_blocks.1.attentions.2.transformer_blocks.0.attn2.to_v
Updated up_blocks.2.attentions.0.transformer_blocks.0.attn2.to_v
Updated up_blocks.2.attentions.1.transformer_blocks.0.attn2.to_v
Updated up_blocks.2.attentions.2.transformer_blocks.0.attn2.to_v
Updated up_blocks.3.attentions.0.transformer_blocks.0.attn2.to_v
Updated up_blocks.3.attentions.1.transformer_blocks.0.attn2.to_v
Updated up_blocks.3.attentions.2.transformer_blocks.0.attn2.to_v
Updated mid_block.attentions.0.transformer_blocks.0.attn2.to_v

Erased concepts using Subspace Orthogonal Procrustes (RW)
Model edited in 2.72 seconds
Editing with ['automobile', 'image of automobile', 'photo of automobile', 'portrait of automobile', 'picture of automobile', 'painting of automobile']
Updated down_blocks.0.attentions.0.transformer_blocks.0.attn2.to_v
Updated down_blocks.0.attentions.1.transformer_blocks.0.attn2.to_v
Updated down_blocks.1.attentions.0.transformer_blocks.0.attn2.to_v
Updated down_blocks.1.attentions.1.transformer_blocks.0.attn2.to_v
Updated down_blocks.2.attentions.0.transformer_blocks.0.attn2.to_v
Updated down_blocks.2.attentions.1.transformer_blocks.0.attn2.to_v
Updated up_blocks.1.attentions.0.transformer_blocks.0.attn2.to_v
Updated up_blocks.1.attentions.1.transformer_blocks.0.attn2.to_v
Updated up_blocks.1.attentions.2.transformer_blocks.0.attn2.to_v
Updated up_blocks.2.attentions.0.transformer_blocks.0.attn2.to_v
Updated up_blocks.2.attentions.1.transformer_blocks.0.attn2.to_v
Updated up_blocks.2.attentions.2.transformer_blocks.0.attn2.to_v
Updated up_blocks.3.attentions.0.transformer_blocks.0.attn2.to_v
Updated up_blocks.3.attentions.1.transformer_blocks.0.attn2.to_v
Updated up_blocks.3.attentions.2.transformer_blocks.0.attn2.to_v
Updated mid_block.attentions.0.transformer_blocks.0.attn2.to_v

Erased concepts using Subspace Orthogonal Procrustes (RW)
Model edited in 2.70 seconds
Editing with ['dog', 'image of dog', 'photo of dog', 'portrait of dog', 'picture of dog', 'painting of dog']
Updated down_blocks.0.attentions.0.transformer_blocks.0.attn2.to_v
Updated down_blocks.0.attentions.1.transformer_blocks.0.attn2.to_v
Updated down_blocks.1.attentions.0.transformer_blocks.0.attn2.to_v
Updated down_blocks.1.attentions.1.transformer_blocks.0.attn2.to_v
Updated down_blocks.2.attentions.0.transformer_blocks.0.attn2.to_v
Updated down_blocks.2.attentions.1.transformer_blocks.0.attn2.to_v
Updated up_blocks.1.attentions.0.transformer_blocks.0.attn2.to_v
Updated up_blocks.1.attentions.1.transformer_blocks.0.attn2.to_v
Updated up_blocks.1.attentions.2.transformer_blocks.0.attn2.to_v
Updated up_blocks.2.attentions.0.transformer_blocks.0.attn2.to_v
Updated up_blocks.2.attentions.1.transformer_blocks.0.attn2.to_v
Updated up_blocks.2.attentions.2.transformer_blocks.0.attn2.to_v
Updated up_blocks.3.attentions.0.transformer_blocks.0.attn2.to_v
Updated up_blocks.3.attentions.1.transformer_blocks.0.attn2.to_v
Updated up_blocks.3.attentions.2.transformer_blocks.0.attn2.to_v
Updated mid_block.attentions.0.transformer_blocks.0.attn2.to_v

Erased concepts using Subspace Orthogonal Procrustes (RW)
Model edited in 2.58 seconds
Editing with ['dog', 'image of dog', 'photo of dog', 'portrait of dog', 'picture of dog', 'painting of dog']
Updated down_blocks.0.attentions.0.transformer_blocks.0.attn2.to_v
Updated down_blocks.0.attentions.1.transformer_blocks.0.attn2.to_v
Updated down_blocks.1.attentions.0.transformer_blocks.0.attn2.to_v
Updated down_blocks.1.attentions.1.transformer_blocks.0.attn2.to_v
Updated down_blocks.2.attentions.0.transformer_blocks.0.attn2.to_v
Updated down_blocks.2.attentions.1.transformer_blocks.0.attn2.to_v
Updated up_blocks.1.attentions.0.transformer_blocks.0.attn2.to_v
Updated up_blocks.1.attentions.1.transformer_blocks.0.attn2.to_v
Updated up_blocks.1.attentions.2.transformer_blocks.0.attn2.to_v
Updated up_blocks.2.attentions.0.transformer_blocks.0.attn2.to_v
Updated up_blocks.2.attentions.1.transformer_blocks.0.attn2.to_v
Updated up_blocks.2.attentions.2.transformer_blocks.0.attn2.to_v
Updated up_blocks.3.attentions.0.transformer_blocks.0.attn2.to_v
Updated up_blocks.3.attentions.1.transformer_blocks.0.attn2.to_v
Updated up_blocks.3.attentions.2.transformer_blocks.0.attn2.to_v
Updated mid_block.attentions.0.transformer_blocks.0.attn2.to_v

Erased concepts using Subspace Orthogonal Procrustes (RW)
Model edited in 2.64 seconds
Editing with ['deer', 'image of deer', 'photo of deer', 'portrait of deer', 'picture of deer', 'painting of deer']
Updated down_blocks.0.attentions.0.transformer_blocks.0.attn2.to_v
Updated down_blocks.0.attentions.1.transformer_blocks.0.attn2.to_v
Updated down_blocks.1.attentions.0.transformer_blocks.0.attn2.to_v
Updated down_blocks.1.attentions.1.transformer_blocks.0.attn2.to_v
Updated down_blocks.2.attentions.0.transformer_blocks.0.attn2.to_v
Updated down_blocks.2.attentions.1.transformer_blocks.0.attn2.to_v
Updated up_blocks.1.attentions.0.transformer_blocks.0.attn2.to_v
Updated up_blocks.1.attentions.1.transformer_blocks.0.attn2.to_v
Updated up_blocks.1.attentions.2.transformer_blocks.0.attn2.to_v
Updated up_blocks.2.attentions.0.transformer_blocks.0.attn2.to_v
Updated up_blocks.2.attentions.1.transformer_blocks.0.attn2.to_v
Updated up_blocks.2.attentions.2.transformer_blocks.0.attn2.to_v
Updated up_blocks.3.attentions.0.transformer_blocks.0.attn2.to_v
Updated up_blocks.3.attentions.1.transformer_blocks.0.attn2.to_v
Updated up_blocks.3.attentions.2.transformer_blocks.0.attn2.to_v
Updated mid_block.attentions.0.transformer_blocks.0.attn2.to_v

Erased concepts using Subspace Orthogonal Procrustes (RW)
Model edited in 2.63 seconds
Editing with ['deer', 'image of deer', 'photo of deer', 'portrait of deer', 'picture of deer', 'painting of deer']
Updated down_blocks.0.attentions.0.transformer_blocks.0.attn2.to_v
Updated down_blocks.0.attentions.1.transformer_blocks.0.attn2.to_v
Updated down_blocks.1.attentions.0.transformer_blocks.0.attn2.to_v
Updated down_blocks.1.attentions.1.transformer_blocks.0.attn2.to_v
Updated down_blocks.2.attentions.0.transformer_blocks.0.attn2.to_v
Updated down_blocks.2.attentions.1.transformer_blocks.0.attn2.to_v
Updated up_blocks.1.attentions.0.transformer_blocks.0.attn2.to_v
Updated up_blocks.1.attentions.1.transformer_blocks.0.attn2.to_v
Updated up_blocks.1.attentions.2.transformer_blocks.0.attn2.to_v
Updated up_blocks.2.attentions.0.transformer_blocks.0.attn2.to_v
Updated up_blocks.2.attentions.1.transformer_blocks.0.attn2.to_v
Updated up_blocks.2.attentions.2.transformer_blocks.0.attn2.to_v
Updated up_blocks.3.attentions.0.transformer_blocks.0.attn2.to_v
Updated up_blocks.3.attentions.1.transformer_blocks.0.attn2.to_v
Updated up_blocks.3.attentions.2.transformer_blocks.0.attn2.to_v
Updated mid_block.attentions.0.transformer_blocks.0.attn2.to_v

Erased concepts using Subspace Orthogonal Procrustes (RW)
Model edited in 2.65 seconds
Editing with ['ship', 'image of ship', 'photo of ship', 'portrait of ship', 'picture of ship', 'painting of ship']
Updated down_blocks.0.attentions.0.transformer_blocks.0.attn2.to_v
Updated down_blocks.0.attentions.1.transformer_blocks.0.attn2.to_v
Updated down_blocks.1.attentions.0.transformer_blocks.0.attn2.to_v
Updated down_blocks.1.attentions.1.transformer_blocks.0.attn2.to_v
Updated down_blocks.2.attentions.0.transformer_blocks.0.attn2.to_v
Updated down_blocks.2.attentions.1.transformer_blocks.0.attn2.to_v
Updated up_blocks.1.attentions.0.transformer_blocks.0.attn2.to_v
Updated up_blocks.1.attentions.1.transformer_blocks.0.attn2.to_v
Updated up_blocks.1.attentions.2.transformer_blocks.0.attn2.to_v
Updated up_blocks.2.attentions.0.transformer_blocks.0.attn2.to_v
Updated up_blocks.2.attentions.1.transformer_blocks.0.attn2.to_v
Updated up_blocks.2.attentions.2.transformer_blocks.0.attn2.to_v
Updated up_blocks.3.attentions.0.transformer_blocks.0.attn2.to_v
Updated up_blocks.3.attentions.1.transformer_blocks.0.attn2.to_v
Updated up_blocks.3.attentions.2.transformer_blocks.0.attn2.to_v
Updated mid_block.attentions.0.transformer_blocks.0.attn2.to_v

Erased concepts using Subspace Orthogonal Procrustes (RW)
Model edited in 2.64 seconds
Editing with ['ship', 'image of ship', 'photo of ship', 'portrait of ship', 'picture of ship', 'painting of ship']
Updated down_blocks.0.attentions.0.transformer_blocks.0.attn2.to_v
Updated down_blocks.0.attentions.1.transformer_blocks.0.attn2.to_v
Updated down_blocks.1.attentions.0.transformer_blocks.0.attn2.to_v
Updated down_blocks.1.attentions.1.transformer_blocks.0.attn2.to_v
Updated down_blocks.2.attentions.0.transformer_blocks.0.attn2.to_v
Updated down_blocks.2.attentions.1.transformer_blocks.0.attn2.to_v
Updated up_blocks.1.attentions.0.transformer_blocks.0.attn2.to_v
Updated up_blocks.1.attentions.1.transformer_blocks.0.attn2.to_v
Updated up_blocks.1.attentions.2.transformer_blocks.0.attn2.to_v
Updated up_blocks.2.attentions.0.transformer_blocks.0.attn2.to_v
Updated up_blocks.2.attentions.1.transformer_blocks.0.attn2.to_v
Updated up_blocks.2.attentions.2.transformer_blocks.0.attn2.to_v
Updated up_blocks.3.attentions.0.transformer_blocks.0.attn2.to_v
Updated up_blocks.3.attentions.1.transformer_blocks.0.attn2.to_v
Updated up_blocks.3.attentions.2.transformer_blocks.0.attn2.to_v
Updated mid_block.attentions.0.transformer_blocks.0.attn2.to_v

Erased concepts using Subspace Orthogonal Procrustes (RW)
Model edited in 2.61 seconds
Editing with ['frog', 'image of frog', 'photo of frog', 'portrait of frog', 'picture of frog', 'painting of frog']
Updated down_blocks.0.attentions.0.transformer_blocks.0.attn2.to_v
Updated down_blocks.0.attentions.1.transformer_blocks.0.attn2.to_v
Updated down_blocks.1.attentions.0.transformer_blocks.0.attn2.to_v
Updated down_blocks.1.attentions.1.transformer_blocks.0.attn2.to_v
Updated down_blocks.2.attentions.0.transformer_blocks.0.attn2.to_v
Updated down_blocks.2.attentions.1.transformer_blocks.0.attn2.to_v
Updated up_blocks.1.attentions.0.transformer_blocks.0.attn2.to_v
Updated up_blocks.1.attentions.1.transformer_blocks.0.attn2.to_v
Updated up_blocks.1.attentions.2.transformer_blocks.0.attn2.to_v
Updated up_blocks.2.attentions.0.transformer_blocks.0.attn2.to_v
Updated up_blocks.2.attentions.1.transformer_blocks.0.attn2.to_v
Updated up_blocks.2.attentions.2.transformer_blocks.0.attn2.to_v
Updated up_blocks.3.attentions.0.transformer_blocks.0.attn2.to_v
Updated up_blocks.3.attentions.1.transformer_blocks.0.attn2.to_v
Updated up_blocks.3.attentions.2.transformer_blocks.0.attn2.to_v
Updated mid_block.attentions.0.transformer_blocks.0.attn2.to_v

Erased concepts using Subspace Orthogonal Procrustes (RW)
Model edited in 2.61 seconds
Editing with ['frog', 'image of frog', 'photo of frog', 'portrait of frog', 'picture of frog', 'painting of frog']
Updated down_blocks.0.attentions.0.transformer_blocks.0.attn2.to_v
Updated down_blocks.0.attentions.1.transformer_blocks.0.attn2.to_v
Updated down_blocks.1.attentions.0.transformer_blocks.0.attn2.to_v
Updated down_blocks.1.attentions.1.transformer_blocks.0.attn2.to_v
Updated down_blocks.2.attentions.0.transformer_blocks.0.attn2.to_v
Updated down_blocks.2.attentions.1.transformer_blocks.0.attn2.to_v
Updated up_blocks.1.attentions.0.transformer_blocks.0.attn2.to_v
Updated up_blocks.1.attentions.1.transformer_blocks.0.attn2.to_v
Updated up_blocks.1.attentions.2.transformer_blocks.0.attn2.to_v
Updated up_blocks.2.attentions.0.transformer_blocks.0.attn2.to_v
Updated up_blocks.2.attentions.1.transformer_blocks.0.attn2.to_v
Updated up_blocks.2.attentions.2.transformer_blocks.0.attn2.to_v
Updated up_blocks.3.attentions.0.transformer_blocks.0.attn2.to_v
Updated up_blocks.3.attentions.1.transformer_blocks.0.attn2.to_v
Updated up_blocks.3.attentions.2.transformer_blocks.0.attn2.to_v
Updated mid_block.attentions.0.transformer_blocks.0.attn2.to_v

Erased concepts using Subspace Orthogonal Procrustes (RW)
Model edited in 2.70 seconds
Editing with ['truck', 'image of truck', 'photo of truck', 'portrait of truck', 'picture of truck', 'painting of truck']
Updated down_blocks.0.attentions.0.transformer_blocks.0.attn2.to_v
Updated down_blocks.0.attentions.1.transformer_blocks.0.attn2.to_v
Updated down_blocks.1.attentions.0.transformer_blocks.0.attn2.to_v
Updated down_blocks.1.attentions.1.transformer_blocks.0.attn2.to_v
Updated down_blocks.2.attentions.0.transformer_blocks.0.attn2.to_v
Updated down_blocks.2.attentions.1.transformer_blocks.0.attn2.to_v
Updated up_blocks.1.attentions.0.transformer_blocks.0.attn2.to_v
Updated up_blocks.1.attentions.1.transformer_blocks.0.attn2.to_v
Updated up_blocks.1.attentions.2.transformer_blocks.0.attn2.to_v
Updated up_blocks.2.attentions.0.transformer_blocks.0.attn2.to_v
Updated up_blocks.2.attentions.1.transformer_blocks.0.attn2.to_v
Updated up_blocks.2.attentions.2.transformer_blocks.0.attn2.to_v
Updated up_blocks.3.attentions.0.transformer_blocks.0.attn2.to_v
Updated up_blocks.3.attentions.1.transformer_blocks.0.attn2.to_v
Updated up_blocks.3.attentions.2.transformer_blocks.0.attn2.to_v
Updated mid_block.attentions.0.transformer_blocks.0.attn2.to_v

Erased concepts using Subspace Orthogonal Procrustes (RW)
Model edited in 2.69 seconds
Editing with ['truck', 'image of truck', 'photo of truck', 'portrait of truck', 'picture of truck', 'painting of truck']
Updated down_blocks.0.attentions.0.transformer_blocks.0.attn2.to_v
Updated down_blocks.0.attentions.1.transformer_blocks.0.attn2.to_v
Updated down_blocks.1.attentions.0.transformer_blocks.0.attn2.to_v
Updated down_blocks.1.attentions.1.transformer_blocks.0.attn2.to_v
Updated down_blocks.2.attentions.0.transformer_blocks.0.attn2.to_v
Updated down_blocks.2.attentions.1.transformer_blocks.0.attn2.to_v
Updated up_blocks.1.attentions.0.transformer_blocks.0.attn2.to_v
Updated up_blocks.1.attentions.1.transformer_blocks.0.attn2.to_v
Updated up_blocks.1.attentions.2.transformer_blocks.0.attn2.to_v
Updated up_blocks.2.attentions.0.transformer_blocks.0.attn2.to_v
Updated up_blocks.2.attentions.1.transformer_blocks.0.attn2.to_v
Updated up_blocks.2.attentions.2.transformer_blocks.0.attn2.to_v
Updated up_blocks.3.attentions.0.transformer_blocks.0.attn2.to_v
Updated up_blocks.3.attentions.1.transformer_blocks.0.attn2.to_v
Updated up_blocks.3.attentions.2.transformer_blocks.0.attn2.to_v
Updated mid_block.attentions.0.transformer_blocks.0.attn2.to_v

Erased concepts using Subspace Orthogonal Procrustes (RW)
Model edited in 2.64 seconds
Editing with ['horse', 'image of horse', 'photo of horse', 'portrait of horse', 'picture of horse', 'painting of horse']
Updated down_blocks.0.attentions.0.transformer_blocks.0.attn2.to_v
Updated down_blocks.0.attentions.1.transformer_blocks.0.attn2.to_v
Updated down_blocks.1.attentions.0.transformer_blocks.0.attn2.to_v
Updated down_blocks.1.attentions.1.transformer_blocks.0.attn2.to_v
Updated down_blocks.2.attentions.0.transformer_blocks.0.attn2.to_v
Updated down_blocks.2.attentions.1.transformer_blocks.0.attn2.to_v
Updated up_blocks.1.attentions.0.transformer_blocks.0.attn2.to_v
Updated up_blocks.1.attentions.1.transformer_blocks.0.attn2.to_v
Updated up_blocks.1.attentions.2.transformer_blocks.0.attn2.to_v
Updated up_blocks.2.attentions.0.transformer_blocks.0.attn2.to_v
Updated up_blocks.2.attentions.1.transformer_blocks.0.attn2.to_v
Updated up_blocks.2.attentions.2.transformer_blocks.0.attn2.to_v
Updated up_blocks.3.attentions.0.transformer_blocks.0.attn2.to_v
Updated up_blocks.3.attentions.1.transformer_blocks.0.attn2.to_v
Updated up_blocks.3.attentions.2.transformer_blocks.0.attn2.to_v
Updated mid_block.attentions.0.transformer_blocks.0.attn2.to_v

Erased concepts using Subspace Orthogonal Procrustes (RW)
Model edited in 2.66 seconds
Editing with ['horse', 'image of horse', 'photo of horse', 'portrait of horse', 'picture of horse', 'painting of horse']
Updated down_blocks.0.attentions.0.transformer_blocks.0.attn2.to_v
Updated down_blocks.0.attentions.1.transformer_blocks.0.attn2.to_v
Updated down_blocks.1.attentions.0.transformer_blocks.0.attn2.to_v
Updated down_blocks.1.attentions.1.transformer_blocks.0.attn2.to_v
Updated down_blocks.2.attentions.0.transformer_blocks.0.attn2.to_v
Updated down_blocks.2.attentions.1.transformer_blocks.0.attn2.to_v
Updated up_blocks.1.attentions.0.transformer_blocks.0.attn2.to_v
Updated up_blocks.1.attentions.1.transformer_blocks.0.attn2.to_v
Updated up_blocks.1.attentions.2.transformer_blocks.0.attn2.to_v
Updated up_blocks.2.attentions.0.transformer_blocks.0.attn2.to_v
Updated up_blocks.2.attentions.1.transformer_blocks.0.attn2.to_v
Updated up_blocks.2.attentions.2.transformer_blocks.0.attn2.to_v
Updated up_blocks.3.attentions.0.transformer_blocks.0.attn2.to_v
Updated up_blocks.3.attentions.1.transformer_blocks.0.attn2.to_v
Updated up_blocks.3.attentions.2.transformer_blocks.0.attn2.to_v
Updated mid_block.attentions.0.transformer_blocks.0.attn2.to_v

Erased concepts using Subspace Orthogonal Procrustes (RW)
Model edited in 2.65 seconds
Loading pipeline components...:   0%|          | 0/6 [00:00<?, ?it/s]Loading pipeline components...:  17%|█▋        | 1/6 [00:00<00:00,  8.78it/s]Loading pipeline components...:  33%|███▎      | 2/6 [00:00<00:00,  4.90it/s]Loading pipeline components...: 100%|██████████| 6/6 [00:00<00:00, 13.47it/s]
You have disabled the safety checker for <class 'diffusers.pipelines.stable_diffusion.pipeline_stable_diffusion.StableDiffusionPipeline'> by passing `safety_checker=None`. Ensure that you abide to the conditions of the Stable Diffusion license and do not expose unfiltered results in services or applications open to the public. Both the diffusers team and Hugging Face strongly recommend to keep the safety filter enabled in all public facing circumstances, disabling it only for use-cases that involve analyzing network behavior or auditing its results. For more information, please have a look at https://github.com/huggingface/diffusers/pull/254 .
[validation] formal run passed final validation images=62000 predictions=62000
