[celebrity] original_sd batch=1/231 images=4
[celebrity] original_sd batch=2/231 images=4
[celebrity] original_sd batch=3/231 images=4
[celebrity] original_sd batch=4/231 images=4
[celebrity] original_sd batch=5/231 images=4
[celebrity] original_sd batch=6/231 images=4
[celebrity] original_sd batch=7/231 images=4
[celebrity] original_sd batch=8/231 images=4
[celebrity] original_sd batch=9/231 images=4
[celebrity] original_sd batch=10/231 images=4
[celebrity] original_sd batch=11/231 images=4
[celebrity] original_sd batch=12/231 images=4
[celebrity] original_sd batch=13/231 images=4
[celebrity] original_sd batch=14/231 images=4
[celebrity] original_sd batch=15/231 images=4
[celebrity] original_sd batch=16/231 images=4
[celebrity] original_sd batch=17/231 images=4
[celebrity] original_sd batch=18/231 images=4
[celebrity] original_sd batch=19/231 images=4
[celebrity] original_sd batch=20/231 images=4
[celebrity] original_sd batch=21/231 images=4
[celebrity] original_sd batch=22/231 images=4
[celebrity] original_sd batch=23/231 images=4
[celebrity] original_sd batch=24/231 images=4
[celebrity] original_sd batch=25/231 images=4
[celebrity] original_sd batch=26/231 images=4
[celebrity] original_sd batch=27/231 images=4
[celebrity] original_sd batch=28/231 images=4
[celebrity] original_sd batch=29/231 images=4
[celebrity] original_sd batch=30/231 images=4
[celebrity] original_sd batch=31/231 images=4
[celebrity] original_sd batch=32/231 images=4
[celebrity] original_sd batch=33/231 images=4
[celebrity] original_sd batch=34/231 images=4
[celebrity] original_sd batch=35/231 images=4
[celebrity] original_sd batch=36/231 images=4
[celebrity] original_sd batch=37/231 images=4
[celebrity] original_sd batch=38/231 images=4
[celebrity] original_sd batch=39/231 images=4
[celebrity] original_sd batch=40/231 images=4
[celebrity] original_sd batch=41/231 images=4
[celebrity] original_sd batch=42/231 images=4
[celebrity] original_sd batch=43/231 images=4
[celebrity] original_sd batch=44/231 images=4
[celebrity] original_sd batch=45/231 images=4
[celebrity] original_sd batch=46/231 images=4
[celebrity] original_sd batch=47/231 images=4
[celebrity] original_sd batch=48/231 images=4
[celebrity] original_sd batch=49/231 images=4
[celebrity] original_sd batch=50/231 images=4
[celebrity] original_sd batch=51/231 images=4
[celebrity] original_sd batch=52/231 images=4
[celebrity] original_sd batch=53/231 images=4
[celebrity] original_sd batch=54/231 images=4
[celebrity] original_sd batch=55/231 images=4
[celebrity] original_sd batch=56/231 images=4
[celebrity] original_sd batch=57/231 images=4
[celebrity] original_sd batch=58/231 images=4
[celebrity] original_sd batch=59/231 images=4
[celebrity] original_sd batch=60/231 images=4
[celebrity] original_sd batch=61/231 images=4
[celebrity] original_sd batch=62/231 images=4
[celebrity] original_sd batch=63/231 images=4
[celebrity] original_sd batch=64/231 images=4
[celebrity] original_sd batch=65/231 images=4
[celebrity] original_sd batch=66/231 images=4
[celebrity] original_sd batch=67/231 images=4
[celebrity] original_sd batch=68/231 images=4
[celebrity] original_sd batch=69/231 images=4
[celebrity] original_sd batch=70/231 images=4
[celebrity] original_sd batch=71/231 images=4
[celebrity] original_sd batch=72/231 images=4
[celebrity] original_sd batch=73/231 images=4
[celebrity] original_sd batch=74/231 images=4
[celebrity] original_sd batch=75/231 images=4
[celebrity] original_sd batch=76/231 images=4
[celebrity] original_sd batch=77/231 images=4
[celebrity] original_sd batch=78/231 images=4
[celebrity] original_sd batch=79/231 images=4
[celebrity] original_sd batch=80/231 images=4
[celebrity] original_sd batch=81/231 images=4
[celebrity] original_sd batch=82/231 images=4
[celebrity] original_sd batch=83/231 images=4
[celebrity] original_sd batch=84/231 images=4
[celebrity] original_sd batch=85/231 images=4
[celebrity] original_sd batch=86/231 images=4
[celebrity] original_sd batch=87/231 images=4
[celebrity] original_sd batch=88/231 images=4
[celebrity] original_sd batch=89/231 images=4
[celebrity] original_sd batch=90/231 images=4
[celebrity] original_sd batch=91/231 images=4
[celebrity] original_sd batch=92/231 images=4
[celebrity] original_sd batch=93/231 images=4
[celebrity] original_sd batch=94/231 images=4
[celebrity] original_sd batch=95/231 images=4
[celebrity] original_sd batch=96/231 images=4
[celebrity] original_sd batch=97/231 images=4
[celebrity] original_sd batch=98/231 images=4
[celebrity] original_sd batch=99/231 images=4
[celebrity] original_sd batch=100/231 images=4
[celebrity] original_sd batch=101/231 images=4
[celebrity] original_sd batch=102/231 images=4
[celebrity] original_sd batch=103/231 images=4
[celebrity] original_sd batch=104/231 images=4
[celebrity] original_sd batch=105/231 images=4
[celebrity] original_sd batch=106/231 images=4
[celebrity] original_sd batch=107/231 images=4
[celebrity] original_sd batch=108/231 images=4
[celebrity] original_sd batch=109/231 images=4
[celebrity] original_sd batch=110/231 images=4
[celebrity] original_sd batch=111/231 images=4
[celebrity] original_sd batch=112/231 images=4
[celebrity] original_sd batch=113/231 images=4
[celebrity] original_sd batch=114/231 images=4
[celebrity] original_sd batch=115/231 images=4
[celebrity] original_sd batch=116/231 images=4
[celebrity] original_sd batch=117/231 images=4
[celebrity] original_sd batch=118/231 images=4
[celebrity] original_sd batch=119/231 images=4
[celebrity] original_sd batch=120/231 images=4
[celebrity] original_sd batch=121/231 images=4
[celebrity] original_sd batch=122/231 images=4
[celebrity] original_sd batch=123/231 images=4
[celebrity] original_sd batch=124/231 images=4
[celebrity] original_sd batch=125/231 images=4
[celebrity] original_sd batch=126/231 images=4
[celebrity] original_sd batch=127/231 images=4
[celebrity] original_sd batch=128/231 images=4
[celebrity] original_sd batch=129/231 images=4
[celebrity] original_sd batch=130/231 images=4
[celebrity] original_sd batch=131/231 images=4
[celebrity] original_sd batch=132/231 images=4
[celebrity] original_sd batch=133/231 images=4
[celebrity] original_sd batch=134/231 images=4
[celebrity] original_sd batch=135/231 images=4
[celebrity] original_sd batch=136/231 images=4
[celebrity] original_sd batch=137/231 images=4
[celebrity] original_sd batch=138/231 images=4
[celebrity] original_sd batch=139/231 images=4
[celebrity] original_sd batch=140/231 images=4
[celebrity] original_sd batch=141/231 images=4
[celebrity] original_sd batch=142/231 images=4
[celebrity] original_sd batch=143/231 images=4
[celebrity] original_sd batch=144/231 images=4
[celebrity] original_sd batch=145/231 images=4
[celebrity] original_sd batch=146/231 images=4
[celebrity] original_sd batch=147/231 images=4
[celebrity] original_sd batch=148/231 images=4
[celebrity] original_sd batch=149/231 images=4
[celebrity] original_sd batch=150/231 images=4
[celebrity] original_sd batch=151/231 images=4
[celebrity] original_sd batch=152/231 images=4
[celebrity] original_sd batch=153/231 images=4
[celebrity] original_sd batch=154/231 images=4
[celebrity] original_sd batch=155/231 images=4
[celebrity] original_sd batch=156/231 images=4
[celebrity] original_sd batch=157/231 images=4
[celebrity] original_sd batch=158/231 images=4
[celebrity] original_sd batch=159/231 images=4
[celebrity] original_sd batch=160/231 images=4
[celebrity] original_sd batch=161/231 images=4
[celebrity] original_sd batch=162/231 images=4
[celebrity] original_sd batch=163/231 images=4
[celebrity] original_sd batch=164/231 images=4
[celebrity] original_sd batch=165/231 images=4
[celebrity] original_sd batch=166/231 images=4
[celebrity] original_sd batch=167/231 images=4
[celebrity] original_sd batch=168/231 images=4
[celebrity] original_sd batch=169/231 images=4
[celebrity] original_sd batch=170/231 images=4
[celebrity] original_sd batch=171/231 images=4
[celebrity] original_sd batch=172/231 images=4
[celebrity] original_sd batch=173/231 images=4
[celebrity] original_sd batch=174/231 images=4
[celebrity] original_sd batch=175/231 images=4
[celebrity] original_sd batch=176/231 images=4
[celebrity] original_sd batch=177/231 images=4
[celebrity] original_sd batch=178/231 images=4
[celebrity] original_sd batch=179/231 images=4
[celebrity] original_sd batch=180/231 images=4
[celebrity] original_sd batch=181/231 images=4
[celebrity] original_sd batch=182/231 images=4
[celebrity] original_sd batch=183/231 images=4
[celebrity] original_sd batch=184/231 images=4
[celebrity] original_sd batch=185/231 images=4
[celebrity] original_sd batch=186/231 images=4
[celebrity] original_sd batch=187/231 images=4
[celebrity] original_sd batch=188/231 images=4
[celebrity] original_sd batch=189/231 images=4
[celebrity] original_sd batch=190/231 images=4
[celebrity] original_sd batch=191/231 images=4
[celebrity] original_sd batch=192/231 images=4
[celebrity] original_sd batch=193/231 images=4
[celebrity] original_sd batch=194/231 images=4
[celebrity] original_sd batch=195/231 images=4
[celebrity] original_sd batch=196/231 images=4
[celebrity] original_sd batch=197/231 images=4
[celebrity] original_sd batch=198/231 images=4
[celebrity] original_sd batch=199/231 images=4
[celebrity] original_sd batch=200/231 images=4
[celebrity] original_sd batch=201/231 images=4
[celebrity] original_sd batch=202/231 images=4
[celebrity] original_sd batch=203/231 images=4
[celebrity] original_sd batch=204/231 images=4
[celebrity] original_sd batch=205/231 images=4
[celebrity] original_sd batch=206/231 images=4
[celebrity] original_sd batch=207/231 images=4
[celebrity] original_sd batch=208/231 images=4
[celebrity] original_sd batch=209/231 images=4
[celebrity] original_sd batch=210/231 images=4
[celebrity] original_sd batch=211/231 images=4
[celebrity] original_sd batch=212/231 images=4
[celebrity] original_sd batch=213/231 images=4
[celebrity] original_sd batch=214/231 images=4
[celebrity] original_sd batch=215/231 images=4
[celebrity] original_sd batch=216/231 images=4
[celebrity] original_sd batch=217/231 images=4
[celebrity] original_sd batch=218/231 images=4
[celebrity] original_sd batch=219/231 images=4
[celebrity] original_sd batch=220/231 images=4
[celebrity] original_sd batch=221/231 images=4
[celebrity] original_sd batch=222/231 images=4
[celebrity] original_sd batch=223/231 images=4
[celebrity] original_sd batch=224/231 images=4
[celebrity] original_sd batch=225/231 images=4
[celebrity] original_sd batch=226/231 images=4
[celebrity] original_sd batch=227/231 images=4
[celebrity] original_sd batch=228/231 images=4
[celebrity] original_sd batch=229/231 images=4
[celebrity] original_sd batch=230/231 images=4
[celebrity] original_sd batch=231/231 images=4
[celebrity] single_anchor batch=1/250 images=4
[celebrity] single_anchor batch=2/250 images=4
[celebrity] single_anchor batch=3/250 images=4
[celebrity] single_anchor batch=4/250 images=4
[celebrity] single_anchor batch=5/250 images=4
[celebrity] single_anchor batch=6/250 images=4
[celebrity] single_anchor batch=7/250 images=4
[celebrity] single_anchor batch=8/250 images=4
[celebrity] single_anchor batch=9/250 images=4
[celebrity] single_anchor batch=10/250 images=4
[celebrity] single_anchor batch=11/250 images=4
[celebrity] single_anchor batch=12/250 images=4
[celebrity] single_anchor batch=13/250 images=4
[celebrity] single_anchor batch=14/250 images=4
[celebrity] single_anchor batch=15/250 images=4
[celebrity] single_anchor batch=16/250 images=4
[celebrity] single_anchor batch=17/250 images=4
[celebrity] single_anchor batch=18/250 images=4
[celebrity] single_anchor batch=19/250 images=4
[celebrity] single_anchor batch=20/250 images=4
[celebrity] single_anchor batch=21/250 images=4
[celebrity] single_anchor batch=22/250 images=4
[celebrity] single_anchor batch=23/250 images=4
[celebrity] single_anchor batch=24/250 images=4
[celebrity] single_anchor batch=25/250 images=4
[celebrity] single_anchor batch=26/250 images=4
[celebrity] single_anchor batch=27/250 images=4
[celebrity] single_anchor batch=28/250 images=4
[celebrity] single_anchor batch=29/250 images=4
[celebrity] single_anchor batch=30/250 images=4
[celebrity] single_anchor batch=31/250 images=4
[celebrity] single_anchor batch=32/250 images=4
[celebrity] single_anchor batch=33/250 images=4
[celebrity] single_anchor batch=34/250 images=4
[celebrity] single_anchor batch=35/250 images=4
[celebrity] single_anchor batch=36/250 images=4
[celebrity] single_anchor batch=37/250 images=4
[celebrity] single_anchor batch=38/250 images=4
[celebrity] single_anchor batch=39/250 images=4
[celebrity] single_anchor batch=40/250 images=4
[celebrity] single_anchor batch=41/250 images=4
[celebrity] single_anchor batch=42/250 images=4
[celebrity] single_anchor batch=43/250 images=4
[celebrity] single_anchor batch=44/250 images=4
[celebrity] single_anchor batch=45/250 images=4
[celebrity] single_anchor batch=46/250 images=4
[celebrity] single_anchor batch=47/250 images=4
[celebrity] single_anchor batch=48/250 images=4
[celebrity] single_anchor batch=49/250 images=4
[celebrity] single_anchor batch=50/250 images=4
[celebrity] single_anchor batch=51/250 images=4
[celebrity] single_anchor batch=52/250 images=4
[celebrity] single_anchor batch=53/250 images=4
[celebrity] single_anchor batch=54/250 images=4
[celebrity] single_anchor batch=55/250 images=4
[celebrity] single_anchor batch=56/250 images=4
[celebrity] single_anchor batch=57/250 images=4
[celebrity] single_anchor batch=58/250 images=4
[celebrity] single_anchor batch=59/250 images=4
[celebrity] single_anchor batch=60/250 images=4
[celebrity] single_anchor batch=61/250 images=4
[celebrity] single_anchor batch=62/250 images=4
[celebrity] single_anchor batch=63/250 images=4
[celebrity] single_anchor batch=64/250 images=4
[celebrity] single_anchor batch=65/250 images=4
[celebrity] single_anchor batch=66/250 images=4
[celebrity] single_anchor batch=67/250 images=4
[celebrity] single_anchor batch=68/250 images=4
[celebrity] single_anchor batch=69/250 images=4
[celebrity] single_anchor batch=70/250 images=4
[celebrity] single_anchor batch=71/250 images=4
[celebrity] single_anchor batch=72/250 images=4
[celebrity] single_anchor batch=73/250 images=4
[celebrity] single_anchor batch=74/250 images=4
[celebrity] single_anchor batch=75/250 images=4
[celebrity] single_anchor batch=76/250 images=4
[celebrity] single_anchor batch=77/250 images=4
[celebrity] single_anchor batch=78/250 images=4
[celebrity] single_anchor batch=79/250 images=4
[celebrity] single_anchor batch=80/250 images=4
[celebrity] single_anchor batch=81/250 images=4
[celebrity] single_anchor batch=82/250 images=4
[celebrity] single_anchor batch=83/250 images=4
[celebrity] single_anchor batch=84/250 images=4
[celebrity] single_anchor batch=85/250 images=4
[celebrity] single_anchor batch=86/250 images=4
[celebrity] single_anchor batch=87/250 images=4
[celebrity] single_anchor batch=88/250 images=4
[celebrity] single_anchor batch=89/250 images=4
[celebrity] single_anchor batch=90/250 images=4
[celebrity] single_anchor batch=91/250 images=4
[celebrity] single_anchor batch=92/250 images=4
[celebrity] single_anchor batch=93/250 images=4
[celebrity] single_anchor batch=94/250 images=4
[celebrity] single_anchor batch=95/250 images=4
[celebrity] single_anchor batch=96/250 images=4
[celebrity] single_anchor batch=97/250 images=4
[celebrity] single_anchor batch=98/250 images=4
[celebrity] single_anchor batch=99/250 images=4
[celebrity] single_anchor batch=100/250 images=4
[celebrity] single_anchor batch=101/250 images=4
[celebrity] single_anchor batch=102/250 images=4
[celebrity] single_anchor batch=103/250 images=4
[celebrity] single_anchor batch=104/250 images=4
[celebrity] single_anchor batch=105/250 images=4
[celebrity] single_anchor batch=106/250 images=4
[celebrity] single_anchor batch=107/250 images=4
[celebrity] single_anchor batch=108/250 images=4
[celebrity] single_anchor batch=109/250 images=4
[celebrity] single_anchor batch=110/250 images=4
[celebrity] single_anchor batch=111/250 images=4
[celebrity] single_anchor batch=112/250 images=4
[celebrity] single_anchor batch=113/250 images=4
[celebrity] single_anchor batch=114/250 images=4
[celebrity] single_anchor batch=115/250 images=4
[celebrity] single_anchor batch=116/250 images=4
[celebrity] single_anchor batch=117/250 images=4
[celebrity] single_anchor batch=118/250 images=4
[celebrity] single_anchor batch=119/250 images=4
[celebrity] single_anchor batch=120/250 images=4
[celebrity] single_anchor batch=121/250 images=4
[celebrity] single_anchor batch=122/250 images=4
[celebrity] single_anchor batch=123/250 images=4
[celebrity] single_anchor batch=124/250 images=4
[celebrity] single_anchor batch=125/250 images=4
[celebrity] single_anchor batch=126/250 images=4
[celebrity] single_anchor batch=127/250 images=4
[celebrity] single_anchor batch=128/250 images=4
[celebrity] single_anchor batch=129/250 images=4
[celebrity] single_anchor batch=130/250 images=4
[celebrity] single_anchor batch=131/250 images=4
[celebrity] single_anchor batch=132/250 images=4
[celebrity] single_anchor batch=133/250 images=4
[celebrity] single_anchor batch=134/250 images=4
[celebrity] single_anchor batch=135/250 images=4
[celebrity] single_anchor batch=136/250 images=4
[celebrity] single_anchor batch=137/250 images=4
[celebrity] single_anchor batch=138/250 images=4
[celebrity] single_anchor batch=139/250 images=4
[celebrity] single_anchor batch=140/250 images=4
[celebrity] single_anchor batch=141/250 images=4
[celebrity] single_anchor batch=142/250 images=4
[celebrity] single_anchor batch=143/250 images=4
[celebrity] single_anchor batch=144/250 images=4
[celebrity] single_anchor batch=145/250 images=4
[celebrity] single_anchor batch=146/250 images=4
[celebrity] single_anchor batch=147/250 images=4
[celebrity] single_anchor batch=148/250 images=4
[celebrity] single_anchor batch=149/250 images=4
[celebrity] single_anchor batch=150/250 images=4
[celebrity] single_anchor batch=151/250 images=4
[celebrity] single_anchor batch=152/250 images=4
[celebrity] single_anchor batch=153/250 images=4
[celebrity] single_anchor batch=154/250 images=4
[celebrity] single_anchor batch=155/250 images=4
[celebrity] single_anchor batch=156/250 images=4
[celebrity] single_anchor batch=157/250 images=4
[celebrity] single_anchor batch=158/250 images=4
[celebrity] single_anchor batch=159/250 images=4
[celebrity] single_anchor batch=160/250 images=4
[celebrity] single_anchor batch=161/250 images=4
[celebrity] single_anchor batch=162/250 images=4
[celebrity] single_anchor batch=163/250 images=4
[celebrity] single_anchor batch=164/250 images=4
[celebrity] single_anchor batch=165/250 images=4
[celebrity] single_anchor batch=166/250 images=4
[celebrity] single_anchor batch=167/250 images=4
[celebrity] single_anchor batch=168/250 images=4
[celebrity] single_anchor batch=169/250 images=4
[celebrity] single_anchor batch=170/250 images=4
[celebrity] single_anchor batch=171/250 images=4
[celebrity] single_anchor batch=172/250 images=4
[celebrity] single_anchor batch=173/250 images=4
[celebrity] single_anchor batch=174/250 images=4
[celebrity] single_anchor batch=175/250 images=4
[celebrity] single_anchor batch=176/250 images=4
[celebrity] single_anchor batch=177/250 images=4
[celebrity] single_anchor batch=178/250 images=4
[celebrity] single_anchor batch=179/250 images=4
[celebrity] single_anchor batch=180/250 images=4
[celebrity] single_anchor batch=181/250 images=4
[celebrity] single_anchor batch=182/250 images=4
[celebrity] single_anchor batch=183/250 images=4
[celebrity] single_anchor batch=184/250 images=4
[celebrity] single_anchor batch=185/250 images=4
[celebrity] single_anchor batch=186/250 images=4
[celebrity] single_anchor batch=187/250 images=4
[celebrity] single_anchor batch=188/250 images=4
[celebrity] single_anchor batch=189/250 images=4
[celebrity] single_anchor batch=190/250 images=4
[celebrity] single_anchor batch=191/250 images=4
[celebrity] single_anchor batch=192/250 images=4
[celebrity] single_anchor batch=193/250 images=4
[celebrity] single_anchor batch=194/250 images=4
[celebrity] single_anchor batch=195/250 images=4
[celebrity] single_anchor batch=196/250 images=4
[celebrity] single_anchor batch=197/250 images=4
[celebrity] single_anchor batch=198/250 images=4
[celebrity] single_anchor batch=199/250 images=4
[celebrity] single_anchor batch=200/250 images=4
[celebrity] single_anchor batch=201/250 images=4
[celebrity] single_anchor batch=202/250 images=4
[celebrity] single_anchor batch=203/250 images=4
[celebrity] single_anchor batch=204/250 images=4
[celebrity] single_anchor batch=205/250 images=4
[celebrity] single_anchor batch=206/250 images=4
[celebrity] single_anchor batch=207/250 images=4
[celebrity] single_anchor batch=208/250 images=4
[celebrity] single_anchor batch=209/250 images=4
[celebrity] single_anchor batch=210/250 images=4
[celebrity] single_anchor batch=211/250 images=4
[celebrity] single_anchor batch=212/250 images=4
[celebrity] single_anchor batch=213/250 images=4
[celebrity] single_anchor batch=214/250 images=4
[celebrity] single_anchor batch=215/250 images=4
[celebrity] single_anchor batch=216/250 images=4
[celebrity] single_anchor batch=217/250 images=4
[celebrity] single_anchor batch=218/250 images=4
[celebrity] single_anchor batch=219/250 images=4
[celebrity] single_anchor batch=220/250 images=4
[celebrity] single_anchor batch=221/250 images=4
[celebrity] single_anchor batch=222/250 images=4
[celebrity] single_anchor batch=223/250 images=4
[celebrity] single_anchor batch=224/250 images=4
[celebrity] single_anchor batch=225/250 images=4
[celebrity] single_anchor batch=226/250 images=4
[celebrity] single_anchor batch=227/250 images=4
[celebrity] single_anchor batch=228/250 images=4
[celebrity] single_anchor batch=229/250 images=4
[celebrity] single_anchor batch=230/250 images=4
[celebrity] single_anchor batch=231/250 images=4
[celebrity] single_anchor batch=232/250 images=4
[celebrity] single_anchor batch=233/250 images=4
[celebrity] single_anchor batch=234/250 images=4
[celebrity] single_anchor batch=235/250 images=4
[celebrity] single_anchor batch=236/250 images=4
[celebrity] single_anchor batch=237/250 images=4
[celebrity] single_anchor batch=238/250 images=4
[celebrity] single_anchor batch=239/250 images=4
[celebrity] single_anchor batch=240/250 images=4
[celebrity] single_anchor batch=241/250 images=4
[celebrity] single_anchor batch=242/250 images=4
[celebrity] single_anchor batch=243/250 images=4
[celebrity] single_anchor batch=244/250 images=4
[celebrity] single_anchor batch=245/250 images=4
[celebrity] single_anchor batch=246/250 images=4
[celebrity] single_anchor batch=247/250 images=4
[celebrity] single_anchor batch=248/250 images=4
[celebrity] single_anchor batch=249/250 images=4
[celebrity] single_anchor batch=250/250 images=4
[celebrity] unique_anchor batch=1/250 images=4
[celebrity] unique_anchor batch=2/250 images=4
[celebrity] unique_anchor batch=3/250 images=4
[celebrity] unique_anchor batch=4/250 images=4
[celebrity] unique_anchor batch=5/250 images=4
[celebrity] unique_anchor batch=6/250 images=4
[celebrity] unique_anchor batch=7/250 images=4
[celebrity] unique_anchor batch=8/250 images=4
[celebrity] unique_anchor batch=9/250 images=4
[celebrity] unique_anchor batch=10/250 images=4
[celebrity] unique_anchor batch=11/250 images=4
[celebrity] unique_anchor batch=12/250 images=4
[celebrity] unique_anchor batch=13/250 images=4
[celebrity] unique_anchor batch=14/250 images=4
[celebrity] unique_anchor batch=15/250 images=4
[celebrity] unique_anchor batch=16/250 images=4
[celebrity] unique_anchor batch=17/250 images=4
[celebrity] unique_anchor batch=18/250 images=4
[celebrity] unique_anchor batch=19/250 images=4
[celebrity] unique_anchor batch=20/250 images=4
[celebrity] unique_anchor batch=21/250 images=4
[celebrity] unique_anchor batch=22/250 images=4
[celebrity] unique_anchor batch=23/250 images=4
[celebrity] unique_anchor batch=24/250 images=4
[celebrity] unique_anchor batch=25/250 images=4
[celebrity] unique_anchor batch=26/250 images=4
[celebrity] unique_anchor batch=27/250 images=4
[celebrity] unique_anchor batch=28/250 images=4
[celebrity] unique_anchor batch=29/250 images=4
[celebrity] unique_anchor batch=30/250 images=4
[celebrity] unique_anchor batch=31/250 images=4
[celebrity] unique_anchor batch=32/250 images=4
[celebrity] unique_anchor batch=33/250 images=4
[celebrity] unique_anchor batch=34/250 images=4
[celebrity] unique_anchor batch=35/250 images=4
[celebrity] unique_anchor batch=36/250 images=4
[celebrity] unique_anchor batch=37/250 images=4
[celebrity] unique_anchor batch=38/250 images=4
[celebrity] unique_anchor batch=39/250 images=4
[celebrity] unique_anchor batch=40/250 images=4
[celebrity] unique_anchor batch=41/250 images=4
[celebrity] unique_anchor batch=42/250 images=4
[celebrity] unique_anchor batch=43/250 images=4
[celebrity] unique_anchor batch=44/250 images=4
[celebrity] unique_anchor batch=45/250 images=4
[celebrity] unique_anchor batch=46/250 images=4
[celebrity] unique_anchor batch=47/250 images=4
[celebrity] unique_anchor batch=48/250 images=4
[celebrity] unique_anchor batch=49/250 images=4
[celebrity] unique_anchor batch=50/250 images=4
[celebrity] unique_anchor batch=51/250 images=4
[celebrity] unique_anchor batch=52/250 images=4
[celebrity] unique_anchor batch=53/250 images=4
[celebrity] unique_anchor batch=54/250 images=4
[celebrity] unique_anchor batch=55/250 images=4
[celebrity] unique_anchor batch=56/250 images=4
[celebrity] unique_anchor batch=57/250 images=4
[celebrity] unique_anchor batch=58/250 images=4
[celebrity] unique_anchor batch=59/250 images=4
[celebrity] unique_anchor batch=60/250 images=4
[celebrity] unique_anchor batch=61/250 images=4
[celebrity] unique_anchor batch=62/250 images=4
[celebrity] unique_anchor batch=63/250 images=4
[celebrity] unique_anchor batch=64/250 images=4
[celebrity] unique_anchor batch=65/250 images=4
[celebrity] unique_anchor batch=66/250 images=4
[celebrity] unique_anchor batch=67/250 images=4
[celebrity] unique_anchor batch=68/250 images=4
[celebrity] unique_anchor batch=69/250 images=4
[celebrity] unique_anchor batch=70/250 images=4
[celebrity] unique_anchor batch=71/250 images=4
[celebrity] unique_anchor batch=72/250 images=4
[celebrity] unique_anchor batch=73/250 images=4
[celebrity] unique_anchor batch=74/250 images=4
[celebrity] unique_anchor batch=75/250 images=4
[celebrity] unique_anchor batch=76/250 images=4
[celebrity] unique_anchor batch=77/250 images=4
[celebrity] unique_anchor batch=78/250 images=4
[celebrity] unique_anchor batch=79/250 images=4
[celebrity] unique_anchor batch=80/250 images=4
[celebrity] unique_anchor batch=81/250 images=4
[celebrity] unique_anchor batch=82/250 images=4
[celebrity] unique_anchor batch=83/250 images=4
[celebrity] unique_anchor batch=84/250 images=4
[celebrity] unique_anchor batch=85/250 images=4
[celebrity] unique_anchor batch=86/250 images=4
[celebrity] unique_anchor batch=87/250 images=4
[celebrity] unique_anchor batch=88/250 images=4
[celebrity] unique_anchor batch=89/250 images=4
[celebrity] unique_anchor batch=90/250 images=4
[celebrity] unique_anchor batch=91/250 images=4
[celebrity] unique_anchor batch=92/250 images=4
[celebrity] unique_anchor batch=93/250 images=4
[celebrity] unique_anchor batch=94/250 images=4
[celebrity] unique_anchor batch=95/250 images=4
[celebrity] unique_anchor batch=96/250 images=4
[celebrity] unique_anchor batch=97/250 images=4
[celebrity] unique_anchor batch=98/250 images=4
[celebrity] unique_anchor batch=99/250 images=4
[celebrity] unique_anchor batch=100/250 images=4
[celebrity] unique_anchor batch=101/250 images=4
[celebrity] unique_anchor batch=102/250 images=4
[celebrity] unique_anchor batch=103/250 images=4
[celebrity] unique_anchor batch=104/250 images=4
[celebrity] unique_anchor batch=105/250 images=4
[celebrity] unique_anchor batch=106/250 images=4
[celebrity] unique_anchor batch=107/250 images=4
[celebrity] unique_anchor batch=108/250 images=4
[celebrity] unique_anchor batch=109/250 images=4
[celebrity] unique_anchor batch=110/250 images=4
[celebrity] unique_anchor batch=111/250 images=4
[celebrity] unique_anchor batch=112/250 images=4
[celebrity] unique_anchor batch=113/250 images=4
[celebrity] unique_anchor batch=114/250 images=4
[celebrity] unique_anchor batch=115/250 images=4
[celebrity] unique_anchor batch=116/250 images=4
[celebrity] unique_anchor batch=117/250 images=4
[celebrity] unique_anchor batch=118/250 images=4
[celebrity] unique_anchor batch=119/250 images=4
[celebrity] unique_anchor batch=120/250 images=4
[celebrity] unique_anchor batch=121/250 images=4
[celebrity] unique_anchor batch=122/250 images=4
[celebrity] unique_anchor batch=123/250 images=4
[celebrity] unique_anchor batch=124/250 images=4
[celebrity] unique_anchor batch=125/250 images=4
[celebrity] unique_anchor batch=126/250 images=4
[celebrity] unique_anchor batch=127/250 images=4
[celebrity] unique_anchor batch=128/250 images=4
[celebrity] unique_anchor batch=129/250 images=4
[celebrity] unique_anchor batch=130/250 images=4
[celebrity] unique_anchor batch=131/250 images=4
[celebrity] unique_anchor batch=132/250 images=4
[celebrity] unique_anchor batch=133/250 images=4
[celebrity] unique_anchor batch=134/250 images=4
[celebrity] unique_anchor batch=135/250 images=4
[celebrity] unique_anchor batch=136/250 images=4
[celebrity] unique_anchor batch=137/250 images=4
[celebrity] unique_anchor batch=138/250 images=4
[celebrity] unique_anchor batch=139/250 images=4
[celebrity] unique_anchor batch=140/250 images=4
[celebrity] unique_anchor batch=141/250 images=4
[celebrity] unique_anchor batch=142/250 images=4
[celebrity] unique_anchor batch=143/250 images=4
[celebrity] unique_anchor batch=144/250 images=4
[celebrity] unique_anchor batch=145/250 images=4
[celebrity] unique_anchor batch=146/250 images=4
[celebrity] unique_anchor batch=147/250 images=4
[celebrity] unique_anchor batch=148/250 images=4
[celebrity] unique_anchor batch=149/250 images=4
[celebrity] unique_anchor batch=150/250 images=4
[celebrity] unique_anchor batch=151/250 images=4
[celebrity] unique_anchor batch=152/250 images=4
[celebrity] unique_anchor batch=153/250 images=4
[celebrity] unique_anchor batch=154/250 images=4
[celebrity] unique_anchor batch=155/250 images=4
[celebrity] unique_anchor batch=156/250 images=4
[celebrity] unique_anchor batch=157/250 images=4
[celebrity] unique_anchor batch=158/250 images=4
[celebrity] unique_anchor batch=159/250 images=4
[celebrity] unique_anchor batch=160/250 images=4
[celebrity] unique_anchor batch=161/250 images=4
[celebrity] unique_anchor batch=162/250 images=4
[celebrity] unique_anchor batch=163/250 images=4
[celebrity] unique_anchor batch=164/250 images=4
[celebrity] unique_anchor batch=165/250 images=4
[celebrity] unique_anchor batch=166/250 images=4
[celebrity] unique_anchor batch=167/250 images=4
[celebrity] unique_anchor batch=168/250 images=4
[celebrity] unique_anchor batch=169/250 images=4
[celebrity] unique_anchor batch=170/250 images=4
[celebrity] unique_anchor batch=171/250 images=4
[celebrity] unique_anchor batch=172/250 images=4
[celebrity] unique_anchor batch=173/250 images=4
[celebrity] unique_anchor batch=174/250 images=4
[celebrity] unique_anchor batch=175/250 images=4
[celebrity] unique_anchor batch=176/250 images=4
[celebrity] unique_anchor batch=177/250 images=4
[celebrity] unique_anchor batch=178/250 images=4
[celebrity] unique_anchor batch=179/250 images=4
[celebrity] unique_anchor batch=180/250 images=4
[celebrity] unique_anchor batch=181/250 images=4
[celebrity] unique_anchor batch=182/250 images=4
[celebrity] unique_anchor batch=183/250 images=4
[celebrity] unique_anchor batch=184/250 images=4
[celebrity] unique_anchor batch=185/250 images=4
[celebrity] unique_anchor batch=186/250 images=4
[celebrity] unique_anchor batch=187/250 images=4
[celebrity] unique_anchor batch=188/250 images=4
[celebrity] unique_anchor batch=189/250 images=4
[celebrity] unique_anchor batch=190/250 images=4
[celebrity] unique_anchor batch=191/250 images=4
[celebrity] unique_anchor batch=192/250 images=4
[celebrity] unique_anchor batch=193/250 images=4
[celebrity] unique_anchor batch=194/250 images=4
[celebrity] unique_anchor batch=195/250 images=4
[celebrity] unique_anchor batch=196/250 images=4
[celebrity] unique_anchor batch=197/250 images=4
[celebrity] unique_anchor batch=198/250 images=4
[celebrity] unique_anchor batch=199/250 images=4
[celebrity] unique_anchor batch=200/250 images=4
[celebrity] unique_anchor batch=201/250 images=4
[celebrity] unique_anchor batch=202/250 images=4
[celebrity] unique_anchor batch=203/250 images=4
[celebrity] unique_anchor batch=204/250 images=4
[celebrity] unique_anchor batch=205/250 images=4
[celebrity] unique_anchor batch=206/250 images=4
[celebrity] unique_anchor batch=207/250 images=4
[celebrity] unique_anchor batch=208/250 images=4
[celebrity] unique_anchor batch=209/250 images=4
[celebrity] unique_anchor batch=210/250 images=4
[celebrity] unique_anchor batch=211/250 images=4
[celebrity] unique_anchor batch=212/250 images=4
[celebrity] unique_anchor batch=213/250 images=4
[celebrity] unique_anchor batch=214/250 images=4
[celebrity] unique_anchor batch=215/250 images=4
[celebrity] unique_anchor batch=216/250 images=4
[celebrity] unique_anchor batch=217/250 images=4
[celebrity] unique_anchor batch=218/250 images=4
[celebrity] unique_anchor batch=219/250 images=4
[celebrity] unique_anchor batch=220/250 images=4
[celebrity] unique_anchor batch=221/250 images=4
[celebrity] unique_anchor batch=222/250 images=4
[celebrity] unique_anchor batch=223/250 images=4
[celebrity] unique_anchor batch=224/250 images=4
[celebrity] unique_anchor batch=225/250 images=4
[celebrity] unique_anchor batch=226/250 images=4
[celebrity] unique_anchor batch=227/250 images=4
[celebrity] unique_anchor batch=228/250 images=4
[celebrity] unique_anchor batch=229/250 images=4
[celebrity] unique_anchor batch=230/250 images=4
[celebrity] unique_anchor batch=231/250 images=4
[celebrity] unique_anchor batch=232/250 images=4
[celebrity] unique_anchor batch=233/250 images=4
[celebrity] unique_anchor batch=234/250 images=4
[celebrity] unique_anchor batch=235/250 images=4
[celebrity] unique_anchor batch=236/250 images=4
[celebrity] unique_anchor batch=237/250 images=4
[celebrity] unique_anchor batch=238/250 images=4
[celebrity] unique_anchor batch=239/250 images=4
[celebrity] unique_anchor batch=240/250 images=4
[celebrity] unique_anchor batch=241/250 images=4
[celebrity] unique_anchor batch=242/250 images=4
[celebrity] unique_anchor batch=243/250 images=4
[celebrity] unique_anchor batch=244/250 images=4
[celebrity] unique_anchor batch=245/250 images=4
[celebrity] unique_anchor batch=246/250 images=4
[celebrity] unique_anchor batch=247/250 images=4
[celebrity] unique_anchor batch=248/250 images=4
[celebrity] unique_anchor batch=249/250 images=4
[celebrity] unique_anchor batch=250/250 images=4

Loading pipeline components...:   0%|          | 0/6 [00:00<?, ?it/s]
Loading pipeline components...:  17%|█▋        | 1/6 [00:00<00:02,  1.70it/s]
Loading pipeline components...:  50%|█████     | 3/6 [00:00<00:00,  3.72it/s]
Loading pipeline components...: 100%|██████████| 6/6 [00:00<00:00,  6.11it/s]
You have disabled the safety checker for <class 'diffusers.pipelines.stable_diffusion.pipeline_stable_diffusion.StableDiffusionPipeline'> by passing `safety_checker=None`. Ensure that you abide to the conditions of the Stable Diffusion license and do not expose unfiltered results in services or applications open to the public. Both the diffusers team and Hugging Face strongly recommend to keep the safety filter enabled in all public facing circumstances, disabling it only for use-cases that involve analyzing network behavior or auditing its results. For more information, please have a look at https://github.com/huggingface/diffusers/pull/254 .
[coco] single_anchor: 4/1000
[coco] single_anchor: 8/1000
[coco] single_anchor: 12/1000
[coco] single_anchor: 16/1000
[coco] single_anchor: 20/1000
[coco] single_anchor: 24/1000
[coco] single_anchor: 28/1000
[coco] single_anchor: 32/1000
[coco] single_anchor: 36/1000
[coco] single_anchor: 40/1000
[coco] single_anchor: 44/1000
[coco] single_anchor: 48/1000
[coco] single_anchor: 52/1000
[coco] single_anchor: 56/1000
[coco] single_anchor: 60/1000
[coco] single_anchor: 64/1000
[coco] single_anchor: 68/1000
[coco] single_anchor: 72/1000
[coco] single_anchor: 76/1000
[coco] single_anchor: 80/1000
[coco] single_anchor: 84/1000
[coco] single_anchor: 88/1000
[coco] single_anchor: 92/1000
[coco] single_anchor: 96/1000
[coco] single_anchor: 100/1000
[coco] single_anchor: 104/1000
[coco] single_anchor: 108/1000
[coco] single_anchor: 112/1000
[coco] single_anchor: 116/1000
[coco] single_anchor: 120/1000
[coco] single_anchor: 124/1000
[coco] single_anchor: 128/1000
[coco] single_anchor: 132/1000
[coco] single_anchor: 136/1000
[coco] single_anchor: 140/1000
[coco] single_anchor: 144/1000
[coco] single_anchor: 148/1000
[coco] single_anchor: 152/1000
[coco] single_anchor: 156/1000
[coco] single_anchor: 160/1000
[coco] single_anchor: 164/1000
[coco] single_anchor: 168/1000
[coco] single_anchor: 172/1000
[coco] single_anchor: 176/1000
[coco] single_anchor: 180/1000
[coco] single_anchor: 184/1000
[coco] single_anchor: 188/1000
[coco] single_anchor: 192/1000
[coco] single_anchor: 196/1000
[coco] single_anchor: 200/1000
[coco] single_anchor: 204/1000
[coco] single_anchor: 208/1000
[coco] single_anchor: 212/1000
[coco] single_anchor: 216/1000
[coco] single_anchor: 220/1000
[coco] single_anchor: 224/1000
[coco] single_anchor: 228/1000
[coco] single_anchor: 232/1000
[coco] single_anchor: 236/1000
[coco] single_anchor: 240/1000
[coco] single_anchor: 244/1000
[coco] single_anchor: 248/1000
[coco] single_anchor: 252/1000
[coco] single_anchor: 256/1000
[coco] single_anchor: 260/1000
[coco] single_anchor: 264/1000
[coco] single_anchor: 268/1000
[coco] single_anchor: 272/1000
[coco] single_anchor: 276/1000
[coco] single_anchor: 280/1000
[coco] single_anchor: 284/1000
[coco] single_anchor: 288/1000
[coco] single_anchor: 292/1000
[coco] single_anchor: 296/1000
[coco] single_anchor: 300/1000
[coco] single_anchor: 304/1000
[coco] single_anchor: 308/1000
[coco] single_anchor: 312/1000
[coco] single_anchor: 316/1000
[coco] single_anchor: 320/1000
[coco] single_anchor: 324/1000
[coco] single_anchor: 328/1000
[coco] single_anchor: 332/1000
[coco] single_anchor: 336/1000
[coco] single_anchor: 340/1000
[coco] single_anchor: 344/1000
[coco] single_anchor: 348/1000
[coco] single_anchor: 352/1000
[coco] single_anchor: 356/1000
[coco] single_anchor: 360/1000
[coco] single_anchor: 364/1000
[coco] single_anchor: 368/1000
[coco] single_anchor: 372/1000
[coco] single_anchor: 376/1000
[coco] single_anchor: 380/1000
[coco] single_anchor: 384/1000
[coco] single_anchor: 388/1000
[coco] single_anchor: 392/1000
[coco] single_anchor: 396/1000
[coco] single_anchor: 400/1000
[coco] single_anchor: 404/1000
[coco] single_anchor: 408/1000
[coco] single_anchor: 412/1000
[coco] single_anchor: 416/1000
[coco] single_anchor: 420/1000
[coco] single_anchor: 424/1000
[coco] single_anchor: 428/1000
[coco] single_anchor: 432/1000
[coco] single_anchor: 436/1000
[coco] single_anchor: 440/1000
[coco] single_anchor: 444/1000
[coco] single_anchor: 448/1000
[coco] single_anchor: 452/1000
[coco] single_anchor: 456/1000
[coco] single_anchor: 460/1000
[coco] single_anchor: 464/1000
[coco] single_anchor: 468/1000
[coco] single_anchor: 472/1000
[coco] single_anchor: 476/1000
[coco] single_anchor: 480/1000
[coco] single_anchor: 484/1000
[coco] single_anchor: 488/1000
[coco] single_anchor: 492/1000
[coco] single_anchor: 496/1000
[coco] single_anchor: 500/1000
[coco] single_anchor: 504/1000
[coco] single_anchor: 508/1000
[coco] single_anchor: 512/1000
[coco] single_anchor: 516/1000
[coco] single_anchor: 520/1000
[coco] single_anchor: 524/1000
[coco] single_anchor: 528/1000
[coco] single_anchor: 532/1000
[coco] single_anchor: 536/1000
[coco] single_anchor: 540/1000
[coco] single_anchor: 544/1000
[coco] single_anchor: 548/1000
[coco] single_anchor: 552/1000
[coco] single_anchor: 556/1000
[coco] single_anchor: 560/1000
[coco] single_anchor: 564/1000
[coco] single_anchor: 568/1000
[coco] single_anchor: 572/1000
[coco] single_anchor: 576/1000
[coco] single_anchor: 580/1000
[coco] single_anchor: 584/1000
[coco] single_anchor: 588/1000
[coco] single_anchor: 592/1000
[coco] single_anchor: 596/1000
[coco] single_anchor: 600/1000
[coco] single_anchor: 604/1000
[coco] single_anchor: 608/1000
[coco] single_anchor: 612/1000
[coco] single_anchor: 616/1000
[coco] single_anchor: 620/1000
[coco] single_anchor: 624/1000
[coco] single_anchor: 628/1000
[coco] single_anchor: 632/1000
[coco] single_anchor: 636/1000
[coco] single_anchor: 640/1000
[coco] single_anchor: 644/1000
[coco] single_anchor: 648/1000
[coco] single_anchor: 652/1000
[coco] single_anchor: 656/1000
[coco] single_anchor: 660/1000
[coco] single_anchor: 664/1000
[coco] single_anchor: 668/1000
[coco] single_anchor: 672/1000
[coco] single_anchor: 676/1000
[coco] single_anchor: 680/1000
[coco] single_anchor: 684/1000
[coco] single_anchor: 688/1000
[coco] single_anchor: 692/1000
[coco] single_anchor: 696/1000
[coco] single_anchor: 700/1000
[coco] single_anchor: 704/1000
[coco] single_anchor: 708/1000
[coco] single_anchor: 712/1000
[coco] single_anchor: 716/1000
[coco] single_anchor: 720/1000
[coco] single_anchor: 724/1000
[coco] single_anchor: 728/1000
[coco] single_anchor: 732/1000
[coco] single_anchor: 736/1000
[coco] single_anchor: 740/1000
[coco] single_anchor: 744/1000
[coco] single_anchor: 748/1000
[coco] single_anchor: 752/1000
[coco] single_anchor: 756/1000
[coco] single_anchor: 760/1000
[coco] single_anchor: 764/1000
[coco] single_anchor: 768/1000
[coco] single_anchor: 772/1000
[coco] single_anchor: 776/1000
[coco] single_anchor: 780/1000
[coco] single_anchor: 784/1000
[coco] single_anchor: 788/1000
[coco] single_anchor: 792/1000
[coco] single_anchor: 796/1000
[coco] single_anchor: 800/1000
[coco] single_anchor: 804/1000
[coco] single_anchor: 808/1000
[coco] single_anchor: 812/1000
[coco] single_anchor: 816/1000
[coco] single_anchor: 820/1000
[coco] single_anchor: 824/1000
[coco] single_anchor: 828/1000
[coco] single_anchor: 832/1000
[coco] single_anchor: 836/1000
[coco] single_anchor: 840/1000
[coco] single_anchor: 844/1000
[coco] single_anchor: 848/1000
[coco] single_anchor: 852/1000
[coco] single_anchor: 856/1000
[coco] single_anchor: 860/1000
[coco] single_anchor: 864/1000
[coco] single_anchor: 868/1000
[coco] single_anchor: 872/1000
[coco] single_anchor: 876/1000
[coco] single_anchor: 880/1000
[coco] single_anchor: 884/1000
[coco] single_anchor: 888/1000
[coco] single_anchor: 892/1000
[coco] single_anchor: 896/1000
[coco] single_anchor: 900/1000
[coco] single_anchor: 904/1000
[coco] single_anchor: 908/1000
[coco] single_anchor: 912/1000
[coco] single_anchor: 916/1000
[coco] single_anchor: 920/1000
[coco] single_anchor: 924/1000
[coco] single_anchor: 928/1000
[coco] single_anchor: 932/1000
[coco] single_anchor: 936/1000
[coco] single_anchor: 940/1000
[coco] single_anchor: 944/1000
[coco] single_anchor: 948/1000
[coco] single_anchor: 952/1000
[coco] single_anchor: 956/1000
[coco] single_anchor: 960/1000
[coco] single_anchor: 964/1000
[coco] single_anchor: 968/1000
[coco] single_anchor: 972/1000
[coco] single_anchor: 976/1000
[coco] single_anchor: 980/1000
[coco] single_anchor: 984/1000
[coco] single_anchor: 988/1000
[coco] single_anchor: 992/1000
[coco] single_anchor: 996/1000
[coco] single_anchor: 1000/1000
[coco] unique_anchor: 4/1000
[coco] unique_anchor: 8/1000
[coco] unique_anchor: 12/1000
[coco] unique_anchor: 16/1000
[coco] unique_anchor: 20/1000
[coco] unique_anchor: 24/1000
[coco] unique_anchor: 28/1000
[coco] unique_anchor: 32/1000
[coco] unique_anchor: 36/1000
[coco] unique_anchor: 40/1000
[coco] unique_anchor: 44/1000
[coco] unique_anchor: 48/1000
[coco] unique_anchor: 52/1000
[coco] unique_anchor: 56/1000
[coco] unique_anchor: 60/1000
[coco] unique_anchor: 64/1000
[coco] unique_anchor: 68/1000
[coco] unique_anchor: 72/1000
[coco] unique_anchor: 76/1000
[coco] unique_anchor: 80/1000
[coco] unique_anchor: 84/1000
[coco] unique_anchor: 88/1000
[coco] unique_anchor: 92/1000
[coco] unique_anchor: 96/1000
[coco] unique_anchor: 100/1000
[coco] unique_anchor: 104/1000
[coco] unique_anchor: 108/1000
[coco] unique_anchor: 112/1000
[coco] unique_anchor: 116/1000
[coco] unique_anchor: 120/1000
[coco] unique_anchor: 124/1000
[coco] unique_anchor: 128/1000
[coco] unique_anchor: 132/1000
[coco] unique_anchor: 136/1000
[coco] unique_anchor: 140/1000
[coco] unique_anchor: 144/1000
[coco] unique_anchor: 148/1000
[coco] unique_anchor: 152/1000
[coco] unique_anchor: 156/1000
[coco] unique_anchor: 160/1000
[coco] unique_anchor: 164/1000
[coco] unique_anchor: 168/1000
[coco] unique_anchor: 172/1000
[coco] unique_anchor: 176/1000
[coco] unique_anchor: 180/1000
[coco] unique_anchor: 184/1000
[coco] unique_anchor: 188/1000
[coco] unique_anchor: 192/1000
[coco] unique_anchor: 196/1000
[coco] unique_anchor: 200/1000
[coco] unique_anchor: 204/1000
[coco] unique_anchor: 208/1000
[coco] unique_anchor: 212/1000
[coco] unique_anchor: 216/1000
[coco] unique_anchor: 220/1000
[coco] unique_anchor: 224/1000
[coco] unique_anchor: 228/1000
[coco] unique_anchor: 232/1000
[coco] unique_anchor: 236/1000
[coco] unique_anchor: 240/1000
[coco] unique_anchor: 244/1000
[coco] unique_anchor: 248/1000
[coco] unique_anchor: 252/1000
[coco] unique_anchor: 256/1000
[coco] unique_anchor: 260/1000
[coco] unique_anchor: 264/1000
[coco] unique_anchor: 268/1000
[coco] unique_anchor: 272/1000
[coco] unique_anchor: 276/1000
[coco] unique_anchor: 280/1000
[coco] unique_anchor: 284/1000
[coco] unique_anchor: 288/1000
[coco] unique_anchor: 292/1000
[coco] unique_anchor: 296/1000
[coco] unique_anchor: 300/1000
[coco] unique_anchor: 304/1000
[coco] unique_anchor: 308/1000
[coco] unique_anchor: 312/1000
[coco] unique_anchor: 316/1000
[coco] unique_anchor: 320/1000
[coco] unique_anchor: 324/1000
[coco] unique_anchor: 328/1000
[coco] unique_anchor: 332/1000
[coco] unique_anchor: 336/1000
[coco] unique_anchor: 340/1000
[coco] unique_anchor: 344/1000
[coco] unique_anchor: 348/1000
[coco] unique_anchor: 352/1000
[coco] unique_anchor: 356/1000
[coco] unique_anchor: 360/1000
[coco] unique_anchor: 364/1000
[coco] unique_anchor: 368/1000
[coco] unique_anchor: 372/1000
[coco] unique_anchor: 376/1000
[coco] unique_anchor: 380/1000
[coco] unique_anchor: 384/1000
[coco] unique_anchor: 388/1000
[coco] unique_anchor: 392/1000
[coco] unique_anchor: 396/1000
[coco] unique_anchor: 400/1000
[coco] unique_anchor: 404/1000
[coco] unique_anchor: 408/1000
[coco] unique_anchor: 412/1000
[coco] unique_anchor: 416/1000
[coco] unique_anchor: 420/1000
[coco] unique_anchor: 424/1000
[coco] unique_anchor: 428/1000
[coco] unique_anchor: 432/1000
[coco] unique_anchor: 436/1000
[coco] unique_anchor: 440/1000
[coco] unique_anchor: 444/1000
[coco] unique_anchor: 448/1000
[coco] unique_anchor: 452/1000
[coco] unique_anchor: 456/1000
[coco] unique_anchor: 460/1000
[coco] unique_anchor: 464/1000
[coco] unique_anchor: 468/1000
[coco] unique_anchor: 472/1000
[coco] unique_anchor: 476/1000
[coco] unique_anchor: 480/1000
[coco] unique_anchor: 484/1000
[coco] unique_anchor: 488/1000
[coco] unique_anchor: 492/1000
[coco] unique_anchor: 496/1000
[coco] unique_anchor: 500/1000
[coco] unique_anchor: 504/1000
[coco] unique_anchor: 508/1000
[coco] unique_anchor: 512/1000
[coco] unique_anchor: 516/1000
[coco] unique_anchor: 520/1000
[coco] unique_anchor: 524/1000
[coco] unique_anchor: 528/1000
[coco] unique_anchor: 532/1000
[coco] unique_anchor: 536/1000
[coco] unique_anchor: 540/1000
[coco] unique_anchor: 544/1000
[coco] unique_anchor: 548/1000
[coco] unique_anchor: 552/1000
[coco] unique_anchor: 556/1000
[coco] unique_anchor: 560/1000
[coco] unique_anchor: 564/1000
[coco] unique_anchor: 568/1000
[coco] unique_anchor: 572/1000
[coco] unique_anchor: 576/1000
[coco] unique_anchor: 580/1000
[coco] unique_anchor: 584/1000
[coco] unique_anchor: 588/1000
[coco] unique_anchor: 592/1000
[coco] unique_anchor: 596/1000
[coco] unique_anchor: 600/1000
[coco] unique_anchor: 604/1000
[coco] unique_anchor: 608/1000
[coco] unique_anchor: 612/1000
[coco] unique_anchor: 616/1000
[coco] unique_anchor: 620/1000
[coco] unique_anchor: 624/1000
[coco] unique_anchor: 628/1000
[coco] unique_anchor: 632/1000
[coco] unique_anchor: 636/1000
[coco] unique_anchor: 640/1000
[coco] unique_anchor: 644/1000
[coco] unique_anchor: 648/1000
[coco] unique_anchor: 652/1000
[coco] unique_anchor: 656/1000
[coco] unique_anchor: 660/1000
[coco] unique_anchor: 664/1000
[coco] unique_anchor: 668/1000
[coco] unique_anchor: 672/1000
[coco] unique_anchor: 676/1000
[coco] unique_anchor: 680/1000
[coco] unique_anchor: 684/1000
[coco] unique_anchor: 688/1000
[coco] unique_anchor: 692/1000
[coco] unique_anchor: 696/1000
[coco] unique_anchor: 700/1000
[coco] unique_anchor: 704/1000
[coco] unique_anchor: 708/1000
[coco] unique_anchor: 712/1000
[coco] unique_anchor: 716/1000
[coco] unique_anchor: 720/1000
[coco] unique_anchor: 724/1000
[coco] unique_anchor: 728/1000
[coco] unique_anchor: 732/1000
[coco] unique_anchor: 736/1000
[coco] unique_anchor: 740/1000
[coco] unique_anchor: 744/1000
[coco] unique_anchor: 748/1000
[coco] unique_anchor: 752/1000
[coco] unique_anchor: 756/1000
[coco] unique_anchor: 760/1000
[coco] unique_anchor: 764/1000
[coco] unique_anchor: 768/1000
[coco] unique_anchor: 772/1000
[coco] unique_anchor: 776/1000
[coco] unique_anchor: 780/1000
[coco] unique_anchor: 784/1000
[coco] unique_anchor: 788/1000
[coco] unique_anchor: 792/1000
[coco] unique_anchor: 796/1000
[coco] unique_anchor: 800/1000
[coco] unique_anchor: 804/1000
[coco] unique_anchor: 808/1000
[coco] unique_anchor: 812/1000
[coco] unique_anchor: 816/1000
[coco] unique_anchor: 820/1000
[coco] unique_anchor: 824/1000
[coco] unique_anchor: 828/1000
[coco] unique_anchor: 832/1000
[coco] unique_anchor: 836/1000
[coco] unique_anchor: 840/1000
[coco] unique_anchor: 844/1000
[coco] unique_anchor: 848/1000
[coco] unique_anchor: 852/1000
[coco] unique_anchor: 856/1000
[coco] unique_anchor: 860/1000
[coco] unique_anchor: 864/1000
[coco] unique_anchor: 868/1000
[coco] unique_anchor: 872/1000
[coco] unique_anchor: 876/1000
[coco] unique_anchor: 880/1000
[coco] unique_anchor: 884/1000
[coco] unique_anchor: 888/1000
[coco] unique_anchor: 892/1000
[coco] unique_anchor: 896/1000
[coco] unique_anchor: 900/1000
[coco] unique_anchor: 904/1000
[coco] unique_anchor: 908/1000
[coco] unique_anchor: 912/1000
[coco] unique_anchor: 916/1000
[coco] unique_anchor: 920/1000
[coco] unique_anchor: 924/1000
[coco] unique_anchor: 928/1000
[coco] unique_anchor: 932/1000
[coco] unique_anchor: 936/1000
[coco] unique_anchor: 940/1000
[coco] unique_anchor: 944/1000
[coco] unique_anchor: 948/1000
[coco] unique_anchor: 952/1000
[coco] unique_anchor: 956/1000
[coco] unique_anchor: 960/1000
[coco] unique_anchor: 964/1000
[coco] unique_anchor: 968/1000
[coco] unique_anchor: 972/1000
[coco] unique_anchor: 976/1000
[coco] unique_anchor: 980/1000
[coco] unique_anchor: 984/1000
[coco] unique_anchor: 988/1000
[coco] unique_anchor: 992/1000
[coco] unique_anchor: 996/1000
[coco] unique_anchor: 1000/1000

Loading pipeline components...:   0%|          | 0/6 [00:00<?, ?it/s]
Loading pipeline components...:  17%|█▋        | 1/6 [00:00<00:00,  6.35it/s]
Loading pipeline components...:  33%|███▎      | 2/6 [00:00<00:00,  4.36it/s]
Loading pipeline components...:  67%|██████▋   | 4/6 [00:01<00:00,  3.29it/s]
Loading pipeline components...: 100%|██████████| 6/6 [00:03<00:00,  1.33it/s]
Loading pipeline components...: 100%|██████████| 6/6 [00:03<00:00,  1.65it/s]
You have disabled the safety checker for <class 'diffusers.pipelines.stable_diffusion.pipeline_stable_diffusion.StableDiffusionPipeline'> by passing `safety_checker=None`. Ensure that you abide to the conditions of the Stable Diffusion license and do not expose unfiltered results in services or applications open to the public. Both the diffusers team and Hugging Face strongly recommend to keep the safety filter enabled in all public facing circumstances, disabling it only for use-cases that involve analyzing network behavior or auditing its results. For more information, please have a look at https://github.com/huggingface/diffusers/pull/254 .
/home/daniel1012/miniconda3/envs/py310/lib/python3.10/site-packages/torch_fidelity/datasets.py:16: UserWarning: TypedStorage is deprecated. It will be removed in the future and UntypedStorage will be the only storage class. This should only matter to you if you are using storages directly.  To access UntypedStorage directly, use tensor.untyped_storage() instead of tensor.storage()
  img = torch.ByteTensor(torch.ByteStorage.from_buffer(img.tobytes())).view(height, width, 3)
huggingface/tokenizers: The current process just got forked, after parallelism has already been used. Disabling parallelism to avoid deadlocks...
To disable this warning, you can either:
	- Avoid using `tokenizers` before the fork if possible
	- Explicitly set the environment variable TOKENIZERS_PARALLELISM=(true | false)
huggingface/tokenizers: The current process just got forked, after parallelism has already been used. Disabling parallelism to avoid deadlocks...
To disable this warning, you can either:
	- Avoid using `tokenizers` before the fork if possible
	- Explicitly set the environment variable TOKENIZERS_PARALLELISM=(true | false)
huggingface/tokenizers: The current process just got forked, after parallelism has already been used. Disabling parallelism to avoid deadlocks...
To disable this warning, you can either:
	- Avoid using `tokenizers` before the fork if possible
	- Explicitly set the environment variable TOKENIZERS_PARALLELISM=(true | false)
huggingface/tokenizers: The current process just got forked, after parallelism has already been used. Disabling parallelism to avoid deadlocks...
To disable this warning, you can either:
	- Avoid using `tokenizers` before the fork if possible
	- Explicitly set the environment variable TOKENIZERS_PARALLELISM=(true | false)
Traceback (most recent call last):
  File "/home/daniel1012/projects/machine_unlearning/orthogonal-concept-erasure/e50_unique_anchor_stress/run_experiment.py", line 1613, in <module>
    main()
  File "/home/daniel1012/projects/machine_unlearning/orthogonal-concept-erasure/e50_unique_anchor_stress/run_experiment.py", line 1590, in main
    evaluate_coco(
  File "/home/daniel1012/projects/machine_unlearning/orthogonal-concept-erasure/e50_unique_anchor_stress/run_experiment.py", line 1355, in evaluate_coco
    "fid_to_original_sd": fid_to_reference(frame, method, entry, count),
  File "/home/daniel1012/projects/machine_unlearning/orthogonal-concept-erasure/e50_unique_anchor_stress/run_experiment.py", line 1305, in fid_to_reference
    result = torch_fidelity.calculate_metrics(
  File "/home/daniel1012/miniconda3/envs/py310/lib/python3.10/site-packages/torch_fidelity/metrics.py", line 235, in calculate_metrics
    metric_fid = fid_inputs_to_metric(feat_extractor, **kwargs)
  File "/home/daniel1012/miniconda3/envs/py310/lib/python3.10/site-packages/torch_fidelity/metric_fid.py", line 125, in fid_inputs_to_metric
    stats_2 = fid_input_id_to_statistics_cached(2, feat_extractor, feat_layer_name, **kwargs)
  File "/home/daniel1012/miniconda3/envs/py310/lib/python3.10/site-packages/torch_fidelity/metric_fid.py", line 111, in fid_input_id_to_statistics_cached
    stat = cache_lookup_one_recompute_on_miss(cached_name, fn_recompute, **kwargs)
  File "/home/daniel1012/miniconda3/envs/py310/lib/python3.10/site-packages/torch_fidelity/utils.py", line 307, in cache_lookup_one_recompute_on_miss
    return torch.load(item_path, map_location='cpu')
  File "/home/daniel1012/miniconda3/envs/py310/lib/python3.10/site-packages/torch/serialization.py", line 1578, in load
    raise pickle.UnpicklingError(_get_wo_message(str(e))) from None
_pickle.UnpicklingError: Weights only load failed. This file can still be loaded, to do so you have two options, [1mdo those steps only if you trust the source of the checkpoint[0m. 
	(1) In PyTorch 2.6, we changed the default value of the `weights_only` argument in `torch.load` from `False` to `True`. Re-running `torch.load` with `weights_only` set to `False` will likely succeed, but it can result in arbitrary code execution. Do it only if you got the file from a trusted source.
	(2) Alternatively, to load with `weights_only=True` please check the recommended steps in the following error message.
	WeightsUnpickler error: Unsupported global: GLOBAL numpy._core.multiarray._reconstruct was not an allowed global by default. Please use `torch.serialization.add_safe_globals([numpy._core.multiarray._reconstruct])` or the `torch.serialization.safe_globals([numpy._core.multiarray._reconstruct])` context manager to allowlist this global if you trust this class/function.

Check the documentation of torch.load to learn more about types accepted by default with weights_only https://pytorch.org/docs/stable/generated/torch.load.html.
ERROR conda.cli.main_run:execute(142): `conda run bash -c 
export LD_LIBRARY_PATH="$CONDA_PREFIX/lib/python3.10/site-packages/nvidia/cu13/lib:$CONDA_PREFIX/lib:${LD_LIBRARY_PATH:-}"
exec python "$@"
 bash /home/daniel1012/projects/machine_unlearning/orthogonal-concept-erasure/e50_unique_anchor_stress/run_experiment.py coco --coco-count 1000 --batch-size 4 --clip-batch-size 64` failed. (See above for error)
